Archive member included to satisfy reference by file (symbol)

c:/program files (x86)/atmel/studio/7.0/toolchain/arm/arm-gnu-toolchain/bin/../lib/gcc/arm-none-eabi/6.3.1/thumb/v7e-m\libgcc.a(_arm_addsubdf3.o)
                              src/main.o (__aeabi_i2d)
c:/program files (x86)/atmel/studio/7.0/toolchain/arm/arm-gnu-toolchain/bin/../lib/gcc/arm-none-eabi/6.3.1/thumb/v7e-m\libgcc.a(_arm_muldivdf3.o)
                              src/main.o (__aeabi_dmul)
c:/program files (x86)/atmel/studio/7.0/toolchain/arm/arm-gnu-toolchain/bin/../lib/gcc/arm-none-eabi/6.3.1/thumb/v7e-m\libgcc.a(_arm_fixdfsi.o)
                              src/main.o (__aeabi_d2iz)
c:/program files (x86)/atmel/studio/7.0/toolchain/arm/arm-gnu-toolchain/bin/../lib/gcc/arm-none-eabi/6.3.1/../../../../arm-none-eabi/lib/thumb/v7e-m\libc.a(lib_a-exit.o)
                              c:/program files (x86)/atmel/studio/7.0/toolchain/arm/arm-gnu-toolchain/bin/../lib/gcc/arm-none-eabi/6.3.1/../../../../arm-none-eabi/lib/thumb/v7e-m/crt0.o (exit)
c:/program files (x86)/atmel/studio/7.0/toolchain/arm/arm-gnu-toolchain/bin/../lib/gcc/arm-none-eabi/6.3.1/../../../../arm-none-eabi/lib/thumb/v7e-m\libc.a(lib_a-impure.o)
                              c:/program files (x86)/atmel/studio/7.0/toolchain/arm/arm-gnu-toolchain/bin/../lib/gcc/arm-none-eabi/6.3.1/../../../../arm-none-eabi/lib/thumb/v7e-m\libc.a(lib_a-exit.o) (_global_impure_ptr)
c:/program files (x86)/atmel/studio/7.0/toolchain/arm/arm-gnu-toolchain/bin/../lib/gcc/arm-none-eabi/6.3.1/../../../../arm-none-eabi/lib/thumb/v7e-m\libc.a(lib_a-init.o)
                              c:/program files (x86)/atmel/studio/7.0/toolchain/arm/arm-gnu-toolchain/bin/../lib/gcc/arm-none-eabi/6.3.1/../../../../arm-none-eabi/lib/thumb/v7e-m/crt0.o (__libc_init_array)
c:/program files (x86)/atmel/studio/7.0/toolchain/arm/arm-gnu-toolchain/bin/../lib/gcc/arm-none-eabi/6.3.1/../../../../arm-none-eabi/lib/thumb/v7e-m\libc.a(lib_a-memset.o)
                              c:/program files (x86)/atmel/studio/7.0/toolchain/arm/arm-gnu-toolchain/bin/../lib/gcc/arm-none-eabi/6.3.1/../../../../arm-none-eabi/lib/thumb/v7e-m/crt0.o (memset)
c:/program files (x86)/atmel/studio/7.0/toolchain/arm/arm-gnu-toolchain/bin/../lib/gcc/arm-none-eabi/6.3.1/../../../../arm-none-eabi/lib/thumb/v7e-m\libc.a(lib_a-sprintf.o)
                              src/main.o (sprintf)
c:/program files (x86)/atmel/studio/7.0/toolchain/arm/arm-gnu-toolchain/bin/../lib/gcc/arm-none-eabi/6.3.1/../../../../arm-none-eabi/lib/thumb/v7e-m\libc.a(lib_a-svfprintf.o)
                              c:/program files (x86)/atmel/studio/7.0/toolchain/arm/arm-gnu-toolchain/bin/../lib/gcc/arm-none-eabi/6.3.1/../../../../arm-none-eabi/lib/thumb/v7e-m\libc.a(lib_a-sprintf.o) (_svfprintf_r)
c:/program files (x86)/atmel/studio/7.0/toolchain/arm/arm-gnu-toolchain/bin/../lib/gcc/arm-none-eabi/6.3.1/../../../../arm-none-eabi/lib/thumb/v7e-m\libc.a(lib_a-__call_atexit.o)
                              c:/program files (x86)/atmel/studio/7.0/toolchain/arm/arm-gnu-toolchain/bin/../lib/gcc/arm-none-eabi/6.3.1/../../../../arm-none-eabi/lib/thumb/v7e-m\libc.a(lib_a-exit.o) (__call_exitprocs)
c:/program files (x86)/atmel/studio/7.0/toolchain/arm/arm-gnu-toolchain/bin/../lib/gcc/arm-none-eabi/6.3.1/../../../../arm-none-eabi/lib/thumb/v7e-m\libc.a(lib_a-atexit.o)
                              c:/program files (x86)/atmel/studio/7.0/toolchain/arm/arm-gnu-toolchain/bin/../lib/gcc/arm-none-eabi/6.3.1/../../../../arm-none-eabi/lib/thumb/v7e-m\libc.a(lib_a-__call_atexit.o) (atexit)
c:/program files (x86)/atmel/studio/7.0/toolchain/arm/arm-gnu-toolchain/bin/../lib/gcc/arm-none-eabi/6.3.1/../../../../arm-none-eabi/lib/thumb/v7e-m\libc.a(lib_a-dtoa.o)
                              c:/program files (x86)/atmel/studio/7.0/toolchain/arm/arm-gnu-toolchain/bin/../lib/gcc/arm-none-eabi/6.3.1/../../../../arm-none-eabi/lib/thumb/v7e-m\libc.a(lib_a-svfprintf.o) (_dtoa_r)
c:/program files (x86)/atmel/studio/7.0/toolchain/arm/arm-gnu-toolchain/bin/../lib/gcc/arm-none-eabi/6.3.1/../../../../arm-none-eabi/lib/thumb/v7e-m\libc.a(lib_a-fini.o)
                              c:/program files (x86)/atmel/studio/7.0/toolchain/arm/arm-gnu-toolchain/bin/../lib/gcc/arm-none-eabi/6.3.1/../../../../arm-none-eabi/lib/thumb/v7e-m\libc.a(lib_a-__call_atexit.o) (__libc_fini_array)
c:/program files (x86)/atmel/studio/7.0/toolchain/arm/arm-gnu-toolchain/bin/../lib/gcc/arm-none-eabi/6.3.1/../../../../arm-none-eabi/lib/thumb/v7e-m\libc.a(lib_a-localeconv.o)
                              c:/program files (x86)/atmel/studio/7.0/toolchain/arm/arm-gnu-toolchain/bin/../lib/gcc/arm-none-eabi/6.3.1/../../../../arm-none-eabi/lib/thumb/v7e-m\libc.a(lib_a-svfprintf.o) (_localeconv_r)
c:/program files (x86)/atmel/studio/7.0/toolchain/arm/arm-gnu-toolchain/bin/../lib/gcc/arm-none-eabi/6.3.1/../../../../arm-none-eabi/lib/thumb/v7e-m\libc.a(lib_a-lock.o)
[...]
Memory Configuration

Name             Origin             Length             Attributes
rom              0x00400000         0x00200000         xr
ram              0x20400000         0x00060000         xrw
*default*        0x00000000         0xffffffff

Linker script and memory map

LOAD c:/program files (x86)/atmel/studio/7.0/toolchain/arm/arm-gnu-toolchain/bin/../lib/gcc/arm-none-eabi/6.3.1/thumb/v7e-m/crti.o
LOAD c:/program files (x86)/atmel/studio/7.0/toolchain/arm/arm-gnu-toolchain/bin/../lib/gcc/arm-none-eabi/6.3.1/thumb/v7e-m/crtbegin.o
LOAD c:/program files (x86)/atmel/studio/7.0/toolchain/arm/arm-gnu-toolchain/bin/../lib/gcc/arm-none-eabi/6.3.1/../../../../arm-none-eabi/lib/thumb/v7e-m/crt0.o
LOAD src/ASF/sam/drivers/rtc/rtc.o
LOAD src/ASF/sam/drivers/rtt/rtt.o
LOAD src/main.o
LOAD src/ASF/common/services/delay/sam/cycle_counter.o
LOAD src/ASF/common/services/spi/sam_spi/spi_master.o
LOAD src/ASF/sam/components/display/ili9488/ili9488.o
LOAD src/ASF/sam/drivers/spi/spi.o
LOAD src/ASF/common/services/clock/same70/sysclk.o
LOAD src/ASF/common/utils/interrupt/interrupt_sam_nvic.o
LOAD src/ASF/sam/boards/same70_xplained/init.o
LOAD src/ASF/sam/drivers/mpu/mpu.o
LOAD src/ASF/sam/drivers/pio/pio.o
LOAD src/ASF/sam/drivers/pio/pio_handler.o
LOAD src/ASF/sam/drivers/pmc/pmc.o
LOAD src/ASF/sam/drivers/pmc/sleep.o
LOAD src/ASF/sam/utils/cmsis/same70/source/templates/gcc/startup_same70.o
LOAD src/ASF/sam/utils/cmsis/same70/source/templates/system_same70.o
LOAD src/ASF/sam/utils/syscalls/gcc/syscalls.o
START GROUP
LOAD ../src/ASF/thirdparty/CMSIS/Lib/GCC\libarm_cortexM7lfsp_math_softfp.a
LOAD c:/program files (x86)/atmel/studio/7.0/toolchain/arm/arm-gnu-toolchain/bin/../lib/gcc/arm-none-eabi/6.3.1/../../../../arm-none-eabi/lib/thumb/v7e-m\libm.a
END GROUP
START GROUP
LOAD c:/program files (x86)/atmel/studio/7.0/toolchain/arm/arm-gnu-toolchain/bin/../lib/gcc/arm-none-eabi/6.3.1/thumb/v7e-m\libgcc.a
LOAD c:/program files (x86)/atmel/studio/7.0/toolchain/arm/arm-gnu-toolchain/bin/../lib/gcc/arm-none-eabi/6.3.1/../../../../arm-none-eabi/lib/thumb/v7e-m\libc.a
END GROUP
LOAD c:/program files (x86)/atmel/studio/7.0/toolchain/arm/arm-gnu-toolchain/bin/../lib/gcc/arm-none-eabi/6.3.1/thumb/v7e-m/crtend.o
LOAD c:/program files (x86)/atmel/studio/7.0/toolchain/arm/arm-gnu-toolchain/bin/../lib/gcc/arm-none-eabi/6.3.1/thumb/v7e-m/crtn.o
                0x00002000                STACK_SIZE = DEFINED (STACK_SIZE)?STACK_SIZE:0x2000
                0x2045fffc                __ram_end__ = ((ORIGIN (ram) + LENGTH (ram)) - 0x4)
                0x00000200                HEAP_SIZE = DEFINED (HEAP_SIZE)?HEAP_SIZE:0x200

.text           0x00400000    0x4da34
                0x00400000                . = ALIGN (0x4)
                0x00400000                _sfixed = .
 *(.vectors .vectors.*)
 .vectors       0x00400000      0x168 src/ASF/sam/utils/cmsis/same70/source/templates/gcc/startup_same70.o
                0x00400000                exception_table
 *(.text .text.* .gnu.linkonce.t.*)
 .text          0x00400168       0x6c c:/program files (x86)/atmel/studio/7.0/toolchain/arm/arm-gnu-toolchain/bin/../lib/gcc/arm-none-eabi/6.3.1/thumb/v7e-m/crtbegin.o
 .text.rtc_set_time_alarm
                0x004001d4      0x100 src/ASF/sam/drivers/rtc/rtc.o
                0x004001d4                rtc_set_time_alarm
 .text.rtc_set_date_alarm
                0x004002d4       0xb0 src/ASF/sam/drivers/rtc/rtc.o
                0x004002d4                rtc_set_date_alarm
 .text.rtt_init
                0x00400384       0x30 src/ASF/sam/drivers/rtt/rtt.o
                0x00400384                rtt_init
 .text.rtt_sel_source
                0x004003b4       0x58 src/ASF/sam/drivers/rtt/rtt.o
                0x004003b4                rtt_sel_source
 .text.rtt_enable_interrupt
                0x0040040c       0x38 src/ASF/sam/drivers/rtt/rtt.o
                0x0040040c                rtt_enable_interrupt
 .text.rtt_disable_interrupt
                0x00400444       0x40 src/ASF/sam/drivers/rtt/rtt.o
                0x00400444                rtt_disable_interrupt
 .text.rtt_read_timer_value
                0x00400484       0x2e src/ASF/sam/drivers/rtt/rtt.o
                0x00400484                rtt_read_timer_value
 .text.rtt_get_status
                0x004004b2       0x18 src/ASF/sam/drivers/rtt/rtt.o
                0x004004b2                rtt_get_status
 *fill*         0x004004ca        0x2 
 .text.rtt_write_alarm_time
                0x004004cc       0x5c src/ASF/sam/drivers/rtt/rtt.o
                0x004004cc                rtt_write_alarm_time
 .text.NVIC_EnableIRQ
                0x00400528       0x34 src/main.o
 .text.NVIC_DisableIRQ
                0x0040055c       0x34 src/main.o
 .text.NVIC_ClearPendingIRQ
                0x00400590       0x34 src/main.o
 .text.NVIC_SetPriority
                0x004005c4       0x54 src/main.o
 .text.but_callback
                0x00400618       0x38 src/main.o
                0x00400618                but_callback
 .text.pause_callback
                0x00400650       0x28 src/main.o
                0x00400650                pause_callback
 .text.font_draw_text
                0x00400678       0x88 src/main.o
                0x00400678                font_draw_text
 .text.print_time
                0x00400700       0x98 src/main.o
                0x00400700                print_time
 .text.increment_time
                0x00400798       0x78 src/main.o
                0x00400798                increment_time
 .text.print_dist_vel
                0x00400810       0xbc src/main.o
                0x00400810                print_dist_vel
 .text.idle_mode
                0x004008cc        0xe src/main.o
                0x004008cc                idle_mode
 *fill*         0x004008da        0x2 
 .text.RTT_Handler
                0x004008dc       0xfc src/main.o
                0x004008dc                RTT_Handler
 .text.io_init  0x004009d8       0xe8 src/main.o
                0x004009d8                io_init
 .text.RTT_init
                0x00400ac0       0x98 src/main.o
 .text.configure_lcd
                0x00400b58       0x4c src/main.o
                0x00400b58                configure_lcd
 .text.pin_toggle
                0x00400ba4       0x40 src/main.o
                0x00400ba4                pin_toggle
 *fill*         0x00400be4        0x4 
 .text.main     0x00400be8      0x1dc src/main.o
                0x00400be8                main
 .text.osc_get_rate
                0x00400dc4       0x74 src/ASF/common/services/spi/sam_spi/spi_master.o
 .text.sysclk_get_main_hz
                0x00400e38       0x20 src/ASF/common/services/spi/sam_spi/spi_master.o
 .text.sysclk_get_peripheral_hz
                0x00400e58       0x14 src/ASF/common/services/spi/sam_spi/spi_master.o
 .text.spi_reset
                0x00400e6c       0x1a src/ASF/common/services/spi/sam_spi/spi_master.o
 .text.spi_set_master_mode
                0x00400e86       0x20 src/ASF/common/services/spi/sam_spi/spi_master.o
 .text.spi_set_fixed_peripheral_select
                0x00400ea6       0x20 src/ASF/common/services/spi/sam_spi/spi_master.o
 .text.spi_disable_peripheral_select_decode
                0x00400ec6       0x20 src/ASF/common/services/spi/sam_spi/spi_master.o
 .text.spi_get_peripheral_select_decode_setting
                0x00400ee6       0x26 src/ASF/common/services/spi/sam_spi/spi_master.o
 .text.spi_disable_mode_fault_detect
                0x00400f0c       0x20 src/ASF/common/services/spi/sam_spi/spi_master.o
 .text.spi_disable_loopback
                0x00400f2c       0x20 src/ASF/common/services/spi/sam_spi/spi_master.o
 .text.spi_put  0x00400f4c       0x1e src/ASF/common/services/spi/sam_spi/spi_master.o
 .text.spi_get  0x00400f6a       0x1a src/ASF/common/services/spi/sam_spi/spi_master.o
 .text.spi_is_tx_ready
                0x00400f84       0x26 src/ASF/common/services/spi/sam_spi/spi_master.o
 .text.spi_is_rx_ready
                0x00400faa       0x2c src/ASF/common/services/spi/sam_spi/spi_master.o
 *fill*         0x00400fd6        0x2 
 .text.spi_write_single
                0x00400fd8       0x24 src/ASF/common/services/spi/sam_spi/spi_master.o
 .text.spi_read_single
                0x00400ffc       0x24 src/ASF/common/services/spi/sam_spi/spi_master.o
 .text.spi_master_init
                0x00401020       0x70 src/ASF/common/services/spi/sam_spi/spi_master.o
                0x00401020                spi_master_init
 .text.spi_master_setup_device
                0x00401090       0xb4 src/ASF/common/services/spi/sam_spi/spi_master.o
                0x00401090                spi_master_setup_device
 .text.spi_select_device
                0x00401144       0x58 src/ASF/common/services/spi/sam_spi/spi_master.o
                0x00401144                spi_select_device
 .text.spi_write_packet
                0x0040119c       0x74 src/ASF/common/services/spi/sam_spi/spi_master.o
                0x0040119c                spi_write_packet
 .text.spi_read_packet
                0x00401210       0xac src/ASF/common/services/spi/sam_spi/spi_master.o
                0x00401210                spi_read_packet
 .text.spi_enable
                0x004012bc       0x1a src/ASF/sam/components/display/ili9488/ili9488.o
 .text.spi_enable_interrupt
                0x004012d6       0x1c src/ASF/sam/components/display/ili9488/ili9488.o
 *fill*         0x004012f2        0x2 
 .text.ili9488_write_ram_prepare
                0x004012f4       0x40 src/ASF/sam/components/display/ili9488/ili9488.o
 .text.ili9488_write_ram_buffer
                0x00401334       0x40 src/ASF/sam/components/display/ili9488/ili9488.o
 .text.ili9488_write_register
                0x00401374       0x78 src/ASF/sam/components/display/ili9488/ili9488.o
 .text.ili9488_read_chipid
                0x004013ec       0xcc src/ASF/sam/components/display/ili9488/ili9488.o
 .text.ili9488_delay
                0x004014b8       0x40 src/ASF/sam/components/display/ili9488/ili9488.o
                0x004014b8                ili9488_delay
 .text.ili9488_check_box_coordinates
                0x004014f8       0xa2 src/ASF/sam/components/display/ili9488/ili9488.o
 *fill*         0x0040159a        0x2 
 .text.ili9488_set_display_direction
                0x0040159c       0x34 src/ASF/sam/components/display/ili9488/ili9488.o
                0x0040159c                ili9488_set_display_direction
 .text.ili9488_set_window
                0x004015d0       0xc8 src/ASF/sam/components/display/ili9488/ili9488.o
                0x004015d0                ili9488_set_window
 .text.ili9488_init
                0x00401698      0x15c src/ASF/sam/components/display/ili9488/ili9488.o
                0x00401698                ili9488_init
 .text.ili9488_display_on
                0x004017f4       0x18 src/ASF/sam/components/display/ili9488/ili9488.o
                0x004017f4                ili9488_display_on
 .text.ili9488_set_foreground_color
                0x0040180c       0x54 src/ASF/sam/components/display/ili9488/ili9488.o
                0x0040180c                ili9488_set_foreground_color
 .text.ili9488_set_cursor_position
                0x00401860       0x84 src/ASF/sam/components/display/ili9488/ili9488.o
                0x00401860                ili9488_set_cursor_position
 .text.ili9488_draw_filled_rectangle
                0x004018e4       0xdc src/ASF/sam/components/display/ili9488/ili9488.o
                0x004018e4                ili9488_draw_filled_rectangle
 .text.ili9488_draw_pixmap
                0x004019c0       0xb4 src/ASF/sam/components/display/ili9488/ili9488.o
                0x004019c0                ili9488_draw_pixmap
 .text.spi_get_peripheral_select_mode
                0x00401a74       0x26 src/ASF/sam/drivers/spi/spi.o
 *fill*         0x00401a9a        0x2 
 .text.sysclk_enable_peripheral_clock
                0x00401a9c       0x1c src/ASF/sam/drivers/spi/spi.o
 .text.spi_enable_clock
                0x00401ab8       0x3c src/ASF/sam/drivers/spi/spi.o
                0x00401ab8                spi_enable_clock
 .text.spi_set_peripheral_chip_select_value
                0x00401af4       0x34 src/ASF/sam/drivers/spi/spi.o
                0x00401af4                spi_set_peripheral_chip_select_value
 .text.spi_set_delay_between_chip_select
                0x00401b28       0x30 src/ASF/sam/drivers/spi/spi.o
                0x00401b28                spi_set_delay_between_chip_select
 .text.spi_write
                0x00401b58       0x80 src/ASF/sam/drivers/spi/spi.o
                0x00401b58                spi_write
 .text.spi_set_clock_polarity
                0x00401bd8       0x50 src/ASF/sam/drivers/spi/spi.o
                0x00401bd8                spi_set_clock_polarity
 .text.spi_set_clock_phase
                0x00401c28       0x50 src/ASF/sam/drivers/spi/spi.o
                0x00401c28                spi_set_clock_phase
 .text.spi_configure_cs_behavior
                0x00401c78       0xa6 src/ASF/sam/drivers/spi/spi.o
                0x00401c78                spi_configure_cs_behavior
 .text.spi_set_bits_per_transfer
                0x00401d1e       0x4a src/ASF/sam/drivers/spi/spi.o
                0x00401d1e                spi_set_bits_per_transfer
 .text.spi_calc_baudrate_div
                0x00401d68       0x3c src/ASF/sam/drivers/spi/spi.o
                0x00401d68                spi_calc_baudrate_div
 .text.spi_set_baudrate_div
                0x00401da4       0x5e src/ASF/sam/drivers/spi/spi.o
                0x00401da4                spi_set_baudrate_div
 .text.spi_set_transfer_delay
                0x00401e02       0x5e src/ASF/sam/drivers/spi/spi.o
                0x00401e02                spi_set_transfer_delay
 .text.osc_enable
                0x00401e60       0x88 src/ASF/common/services/clock/same70/sysclk.o
 .text.osc_is_ready
                0x00401ee8       0x70 src/ASF/common/services/clock/same70/sysclk.o
 .text.osc_get_rate
                0x00401f58       0x74 src/ASF/common/services/clock/same70/sysclk.o
 .text.osc_wait_ready
                0x00401fcc       0x2c src/ASF/common/services/clock/same70/sysclk.o
 .text.pll_config_init
                0x00401ff8       0x6c src/ASF/common/services/clock/same70/sysclk.o
 .text.pll_enable
                0x00402064       0x40 src/ASF/common/services/clock/same70/sysclk.o
 .text.pll_is_locked
                0x004020a4       0x2c src/ASF/common/services/clock/same70/sysclk.o
 .text.pll_enable_source
                0x004020d0       0x38 src/ASF/common/services/clock/same70/sysclk.o
 .text.pll_wait_for_lock
                0x00402108       0x24 src/ASF/common/services/clock/same70/sysclk.o
 .text.sysclk_get_main_hz
                0x0040212c       0x20 src/ASF/common/services/clock/same70/sysclk.o
 .text.sysclk_get_cpu_hz
                0x0040214c       0x14 src/ASF/common/services/clock/same70/sysclk.o
 .text.sysclk_init
                0x00402160       0x7c src/ASF/common/services/clock/same70/sysclk.o
                0x00402160                sysclk_init
 .text.SCB_EnableICache
                0x004021dc       0x38 src/ASF/sam/boards/same70_xplained/init.o
 .text.SCB_EnableDCache
                0x00402214       0xa4 src/ASF/sam/boards/same70_xplained/init.o
 .text.sysclk_enable_peripheral_clock
                0x004022b8       0x1c src/ASF/sam/boards/same70_xplained/init.o
 .text.ioport_init
                0x004022d4       0x2c src/ASF/sam/boards/same70_xplained/init.o
 .text.ioport_set_pin_mode
                0x00402300      0x11c src/ASF/sam/boards/same70_xplained/init.o
 .text.ioport_set_pin_dir
                0x0040241c       0x88 src/ASF/sam/boards/same70_xplained/init.o
 .text.ioport_set_pin_level
                0x004024a4       0x6c src/ASF/sam/boards/same70_xplained/init.o
 .text.ioport_set_pin_sense_mode
                0x00402510       0xd0 src/ASF/sam/boards/same70_xplained/init.o
 .text.tcm_disable
                0x004025e0       0x44 src/ASF/sam/boards/same70_xplained/init.o
 .text.board_init
                0x00402624      0x188 src/ASF/sam/boards/same70_xplained/init.o
                0x00402624                board_init
 .text.pio_pull_up
                0x004027ac       0x2c src/ASF/sam/drivers/pio/pio.o
                0x004027ac                pio_pull_up
 .text.pio_set_debounce_filter
                0x004027d8       0x38 src/ASF/sam/drivers/pio/pio.o
                0x004027d8                pio_set_debounce_filter
 .text.pio_set  0x00402810       0x1c src/ASF/sam/drivers/pio/pio.o
                0x00402810                pio_set
 .text.pio_clear
                0x0040282c       0x1c src/ASF/sam/drivers/pio/pio.o
                0x0040282c                pio_clear
 .text.pio_set_peripheral
                0x00402848      0x110 src/ASF/sam/drivers/pio/pio.o
                0x00402848                pio_set_peripheral
 .text.pio_set_input
                0x00402958       0x80 src/ASF/sam/drivers/pio/pio.o
                0x00402958                pio_set_input
 .text.pio_set_output
                0x004029d8       0x64 src/ASF/sam/drivers/pio/pio.o
                0x004029d8                pio_set_output
 .text.pio_configure
                0x00402a3c       0xcc src/ASF/sam/drivers/pio/pio.o
                0x00402a3c                pio_configure
 .text.pio_get_output_data_status
                0x00402b08       0x28 src/ASF/sam/drivers/pio/pio.o
                0x00402b08                pio_get_output_data_status
 .text.pio_configure_interrupt
                0x00402b30       0x6c src/ASF/sam/drivers/pio/pio.o
                0x00402b30                pio_configure_interrupt
 .text.pio_enable_interrupt
                0x00402b9c       0x1c src/ASF/sam/drivers/pio/pio.o
                0x00402b9c                pio_enable_interrupt
 .text.pio_disable_interrupt
                0x00402bb8       0x1c src/ASF/sam/drivers/pio/pio.o
                0x00402bb8                pio_disable_interrupt
 .text.pio_get_interrupt_status
                0x00402bd4       0x18 src/ASF/sam/drivers/pio/pio.o
                0x00402bd4                pio_get_interrupt_status
 .text.pio_get_interrupt_mask
                0x00402bec       0x18 src/ASF/sam/drivers/pio/pio.o
                0x00402bec                pio_get_interrupt_mask
 .text.pio_set_pin_high
                0x00402c04       0x30 src/ASF/sam/drivers/pio/pio.o
                0x00402c04                pio_set_pin_high
 .text.pio_set_pin_low
                0x00402c34       0x30 src/ASF/sam/drivers/pio/pio.o
                0x00402c34                pio_set_pin_low
 .text.pio_configure_pin
                0x00402c64      0x1b0 src/ASF/sam/drivers/pio/pio.o
                0x00402c64                pio_configure_pin
 .text.pio_get_pin_group
                0x00402e14       0x28 src/ASF/sam/drivers/pio/pio.o
                0x00402e14                pio_get_pin_group
 .text.pio_handler_process
                0x00402e3c       0xb4 src/ASF/sam/drivers/pio/pio_handler.o
                0x00402e3c                pio_handler_process
 .text.pio_handler_set
                0x00402ef0       0xa0 src/ASF/sam/drivers/pio/pio_handler.o
                0x00402ef0                pio_handler_set
 .text.PIOA_Handler
                0x00402f90       0x18 src/ASF/sam/drivers/pio/pio_handler.o
                0x00402f90                PIOA_Handler
 .text.PIOB_Handler
                0x00402fa8       0x18 src/ASF/sam/drivers/pio/pio_handler.o
                0x00402fa8                PIOB_Handler
 .text.PIOC_Handler
                0x00402fc0       0x18 src/ASF/sam/drivers/pio/pio_handler.o
                0x00402fc0                PIOC_Handler
 .text.PIOD_Handler
                0x00402fd8       0x18 src/ASF/sam/drivers/pio/pio_handler.o
                0x00402fd8                PIOD_Handler
 .text.PIOE_Handler
                0x00402ff0       0x18 src/ASF/sam/drivers/pio/pio_handler.o
                0x00402ff0                PIOE_Handler
 .text.pmc_mck_set_division
                0x00403008       0x7c src/ASF/sam/drivers/pmc/pmc.o
                0x00403008                pmc_mck_set_division
 .text.pmc_switch_mck_to_pllack
                0x00403084       0x84 src/ASF/sam/drivers/pmc/pmc.o
                0x00403084                pmc_switch_mck_to_pllack
 .text.pmc_switch_sclk_to_32kxtal
                0x00403108       0x38 src/ASF/sam/drivers/pmc/pmc.o
                0x00403108                pmc_switch_sclk_to_32kxtal
 .text.pmc_osc_is_ready_32kxtal
                0x00403140       0x34 src/ASF/sam/drivers/pmc/pmc.o
                0x00403140                pmc_osc_is_ready_32kxtal
 .text.pmc_switch_mainck_to_fastrc
                0x00403174       0x70 src/ASF/sam/drivers/pmc/pmc.o
                0x00403174                pmc_switch_mainck_to_fastrc
 .text.pmc_switch_mainck_to_xtal
                0x004031e4       0x78 src/ASF/sam/drivers/pmc/pmc.o
                0x004031e4                pmc_switch_mainck_to_xtal
 .text.pmc_osc_is_ready_mainck
                0x0040325c       0x1c src/ASF/sam/drivers/pmc/pmc.o
                0x0040325c                pmc_osc_is_ready_mainck
 .text.pmc_disable_pllack
                0x00403278       0x1c src/ASF/sam/drivers/pmc/pmc.o
                0x00403278                pmc_disable_pllack
 .text.pmc_is_locked_pllack
                0x00403294       0x1c src/ASF/sam/drivers/pmc/pmc.o
                0x00403294                pmc_is_locked_pllack
 .text.pmc_is_locked_upll
                0x004032b0       0x1c src/ASF/sam/drivers/pmc/pmc.o
                0x004032b0                pmc_is_locked_upll
 .text.pmc_enable_periph_clk
                0x004032cc       0x3c src/ASF/sam/drivers/pmc/pmc.o
                0x004032cc                pmc_enable_periph_clk
 .text.pmc_set_flash_in_wait_mode
                0x00403308       0x20 src/ASF/sam/drivers/pmc/pmc.o
                0x00403308                pmc_set_flash_in_wait_mode
 .text.pmc_enable_waitmode
                0x00403328       0x90 src/ASF/sam/drivers/pmc/pmc.o
                0x00403328                pmc_enable_waitmode
 .text.pmc_sleep
                0x004033b8      0x398 src/ASF/sam/drivers/pmc/sleep.o
                0x004033b8                pmc_sleep
 .text.cpu_irq_save
                0x00403750       0x38 src/ASF/sam/utils/cmsis/same70/source/templates/gcc/startup_same70.o
 .text.cpu_irq_is_enabled_flags
                0x00403788       0x20 src/ASF/sam/utils/cmsis/same70/source/templates/gcc/startup_same70.o
 .text.cpu_irq_restore
                0x004037a8       0x30 src/ASF/sam/utils/cmsis/same70/source/templates/gcc/startup_same70.o
 .text.Reset_Handler
                0x004037d8       0xb0 src/ASF/sam/utils/cmsis/same70/source/templates/gcc/startup_same70.o
                0x004037d8                Reset_Handler
 .text.Dummy_Handler
                0x00403888        0x6 src/ASF/sam/utils/cmsis/same70/source/templates/gcc/startup_same70.o
                0x00403888                DACC_Handler
                0x00403888                DebugMon_Handler
                0x00403888                UART3_Handler
                0x00403888                UART2_Handler
                0x00403888                TRNG_Handler
                0x00403888                HardFault_Handler
                0x00403888                TC2_Handler
                0x00403888                SysTick_Handler
                0x00403888                AFEC1_Handler
                0x00403888                PendSV_Handler
                0x00403888                NMI_Handler
                0x00403888                TC7_Handler
                0x00403888                QSPI_Handler
                0x00403888                ISI_Handler
                0x00403888                MCAN0_INT0_Handler
                0x00403888                TC9_Handler
                0x00403888                RSWDT_Handler
                0x00403888                USART0_Handler
                0x00403888                USBHS_Handler
                0x00403888                IXC_Handler
                0x00403888                CCF_Handler
                0x00403888                RTC_Handler
                0x00403888                UsageFault_Handler
                0x00403888                TC6_Handler
                0x00403888                WDT_Handler
                0x00403888                MCAN1_INT1_Handler
                0x00403888                TC4_Handler
                0x00403888                TC1_Handler
                0x00403888                HSMCI_Handler
                0x00403888                UART1_Handler
                0x00403888                TC3_Handler
                0x00403888                Dummy_Handler
                0x00403888                TWIHS1_Handler
                0x00403888                XDMAC_Handler
                0x00403888                UART4_Handler
                0x00403888                PWM1_Handler
                0x00403888                USART1_Handler
                0x00403888                PWM0_Handler
                0x00403888                AFEC0_Handler
                0x00403888                CCW_Handler
                0x00403888                TC11_Handler
                0x00403888                SSC_Handler
                0x00403888                ACC_Handler
                0x00403888                PMC_Handler
                0x00403888                GMAC_Handler
                0x00403888                MCAN0_INT1_Handler
                0x00403888                GMAC_Q5_Handler
                0x00403888                MemManage_Handler
                0x00403888                SUPC_Handler
                0x00403888                SVC_Handler
                0x00403888                TC8_Handler
                0x00403888                MCAN1_INT0_Handler
                0x00403888                EFC_Handler
                0x00403888                GMAC_Q1_Handler
                0x00403888                USART2_Handler
                0x00403888                SDRAMC_Handler
                0x00403888                GMAC_Q2_Handler
                0x00403888                SPI1_Handler
                0x00403888                TC10_Handler
                0x00403888                GMAC_Q3_Handler
                0x00403888                TWIHS2_Handler
                0x00403888                I2SC0_Handler
                0x00403888                UART0_Handler
                0x00403888                I2SC1_Handler
                0x00403888                GMAC_Q4_Handler
                0x00403888                FPU_Handler
                0x00403888                BusFault_Handler
                0x00403888                RSTC_Handler
                0x00403888                TC0_Handler
                0x00403888                TC5_Handler
                0x00403888                AES_Handler
                0x00403888                ICM_Handler
                0x00403888                TWIHS0_Handler
                0x00403888                SPI0_Handler
 *fill*         0x0040388e        0x2 
 .text.SystemCoreClockUpdate
                0x00403890      0x168 src/ASF/sam/utils/cmsis/same70/source/templates/system_same70.o
                0x00403890                SystemCoreClockUpdate
 .text.system_init_flash
                0x004039f8       0xb0 src/ASF/sam/utils/cmsis/same70/source/templates/system_same70.o
                0x004039f8                system_init_flash
 .text._sbrk    0x00403aa8       0x58 src/ASF/sam/utils/syscalls/gcc/syscalls.o
                0x00403aa8                _sbrk
 .text          0x00403b00      0x370 c:/program files (x86)/atmel/studio/7.0/toolchain/arm/arm-gnu-toolchain/bin/../lib/gcc/arm-none-eabi/6.3.1/thumb/v7e-m\libgcc.a(_arm_addsubdf3.o)
                0x00403b00                __aeabi_drsub
                0x00403b08                __aeabi_dsub
                0x00403b08                __subdf3
                0x00403b0c                __aeabi_dadd
                0x00403b0c                __adddf3
                0x00403d84                __floatunsidf
                0x00403d84                __aeabi_ui2d
                0x00403da4                __floatsidf
                0x00403da4                __aeabi_i2d
                0x00403dc8                __aeabi_f2d
                0x00403dc8                __extendsfdf2
                0x00403e04                __floatundidf
                0x00403e04                __aeabi_ul2d
                0x00403e14                __floatdidf
                0x00403e14                __aeabi_l2d
 .text          0x00403e70      0x424 c:/program files (x86)/atmel/studio/7.0/toolchain/arm/arm-gnu-toolchain/bin/../lib/gcc/arm-none-eabi/6.3.1/thumb/v7e-m\libgcc.a(_arm_muldivdf3.o)
                0x00403e70                __aeabi_dmul
                0x00403e70                __muldf3
                0x004040c4                __divdf3
                0x004040c4                __aeabi_ddiv
 .text          0x00404294       0x50 c:/program files (x86)/atmel/studio/7.0/toolchain/arm/arm-gnu-toolchain/bin/../lib/gcc/arm-none-eabi/6.3.1/thumb/v7e-m\libgcc.a(_arm_fixdfsi.o)
                0x00404294                __aeabi_d2iz
                0x00404294                __fixdfsi
 .text.__libc_init_array
                0x004042e4       0x50 c:/program files (x86)/atmel/studio/7.0/toolchain/arm/arm-gnu-toolchain/bin/../lib/gcc/arm-none-eabi/6.3.1/../../../../arm-none-eabi/lib/thumb/v7e-m\libc.a(lib_a-init.o)
                0x004042e4                __libc_init_array
 .text.memset   0x00404334       0x9c c:/program files (x86)/atmel/studio/7.0/toolchain/arm/arm-gnu-toolchain/bin/../lib/gcc/arm-none-eabi/6.3.1/../../../../arm-none-eabi/lib/thumb/v7e-m\libc.a(lib_a-memset.o)
                0x00404334                memset
 .text.sprintf  0x004043d0       0x4c c:/program files (x86)/atmel/studio/7.0/toolchain/arm/arm-gnu-toolchain/bin/../lib/gcc/arm-none-eabi/6.3.1/../../../../arm-none-eabi/lib/thumb/v7e-m\libc.a(lib_a-sprintf.o)
                0x004043d0                sprintf
 .text._svfprintf_r
                0x0040441c     0x145c c:/program files (x86)/atmel/studio/7.0/toolchain/arm/arm-gnu-toolchain/bin/../lib/gcc/arm-none-eabi/6.3.1/../../../../arm-none-eabi/lib/thumb/v7e-m\libc.a(lib_a-svfprintf.o)
                0x0040441c                _svfprintf_r
 .text.startup.register_fini
                0x00405878       0x14 c:/program files (x86)/atmel/studio/7.0/toolchain/arm/arm-gnu-toolchain/bin/../lib/gcc/arm-none-eabi/6.3.1/../../../../arm-none-eabi/lib/thumb/v7e-m\libc.a(lib_a-__call_atexit.o)
 .text.atexit   0x0040588c        0xc c:/program files (x86)/atmel/studio/7.0/toolchain/arm/arm-gnu-toolchain/bin/../lib/gcc/arm-none-eabi/6.3.1/../../../../arm-none-eabi/lib/thumb/v7e-m\libc.a(lib_a-atexit.o)
                0x0040588c                atexit
 .text.quorem   0x00405898      0x128 c:/program files (x86)/atmel/studio/7.0/toolchain/arm/arm-gnu-toolchain/bin/../lib/gcc/arm-none-eabi/6.3.1/../../../../arm-none-eabi/lib/thumb/v7e-m\libc.a(lib_a-dtoa.o)
 .text._dtoa_r  0x004059c0      0xe54 c:/program files (x86)/atmel/studio/7.0/toolchain/arm/arm-gnu-toolchain/bin/../lib/gcc/arm-none-eabi/6.3.1/../../../../arm-none-eabi/lib/thumb/v7e-m\libc.a(lib_a-dtoa.o)
                0x004059c0                _dtoa_r
 .text.__libc_fini_array
                0x00406814       0x34 c:/program files (x86)/atmel/studio/7.0/toolchain/arm/arm-gnu-toolchain/bin/../lib/gcc/arm-none-eabi/6.3.1/../../../../arm-none-eabi/lib/thumb/v7e-m\libc.a(lib_a-fini.o)
                0x00406814                __libc_fini_array
 .text._localeconv_r
                0x00406848       0x1c c:/program files (x86)/atmel/studio/7.0/toolchain/arm/arm-gnu-toolchain/bin/../lib/gcc/arm-none-eabi/6.3.1/../../../../arm-none-eabi/lib/thumb/v7e-m\libc.a(lib_a-localeconv.o)
                0x00406848                _localeconv_r
 .text.__retarget_lock_acquire_recursive
                0x00406864        0x4 c:/program files (x86)/atmel/studio/7.0/toolchain/arm/arm-gnu-toolchain/bin/../lib/gcc/arm-none-eabi/6.3.1/../../../../arm-none-eabi/lib/thumb/v7e-m\libc.a(lib_a-lock.o)
                0x00406864                __retarget_lock_acquire_recursive
 .text.__retarget_lock_release_recursive
                0x00406868        0x4 c:/program files (x86)/atmel/studio/7.0/toolchain/arm/arm-gnu-toolchain/bin/../lib/gcc/arm-none-eabi/6.3.1/../../../../arm-none-eabi/lib/thumb/v7e-m\libc.a(lib_a-lock.o)
                0x00406868                __retarget_lock_release_recursive
 .text._malloc_r
                0x0040686c      0x560 c:/program files (x86)/atmel/studio/7.0/toolchain/arm/arm-gnu-toolchain/bin/../lib/gcc/arm-none-eabi/6.3.1/../../../../arm-none-eabi/lib/thumb/v7e-m\libc.a(lib_a-mallocr.o)
                0x0040686c                _malloc_r
 *fill*         0x00406dcc        0x4 
 .text          0x00406dd0       0xa0 c:/program files (x86)/atmel/studio/7.0/toolchain/arm/arm-gnu-toolchain/bin/../lib/gcc/arm-none-eabi/6.3.1/../../../../arm-none-eabi/lib/thumb/v7e-m\libc.a(lib_a-memchr.o)
                0x00406dd0                memchr
 .text          0x00406e70      0x134 c:/program files (x86)/atmel/studio/7.0/toolchain/arm/arm-gnu-toolchain/bin/../lib/gcc/arm-none-eabi/6.3.1/../../../../arm-none-eabi/lib/thumb/v7e-m\libc.a(lib_a-memcpy.o)
                0x00406e70                memcpy
 .text.__malloc_lock
                0x00406fa4        0xc c:/program files (x86)/atmel/studio/7.0/toolchain/arm/arm-gnu-toolchain/bin/../lib/gcc/arm-none-eabi/6.3.1/../../../../arm-none-eabi/lib/thumb/v7e-m\libc.a(lib_a-mlock.o)
                0x00406fa4                __malloc_lock
 .text.__malloc_unlock
                0x00406fb0        0xc c:/program files (x86)/atmel/studio/7.0/toolchain/arm/arm-gnu-toolchain/bin/../lib/gcc/arm-none-eabi/6.3.1/../../../../arm-none-eabi/lib/thumb/v7e-m\libc.a(lib_a-mlock.o)
                0x00406fb0                __malloc_unlock
 .text._Balloc  0x00406fbc       0x4c c:/program files (x86)/atmel/studio/7.0/toolchain/arm/arm-gnu-toolchain/bin/../lib/gcc/arm-none-eabi/6.3.1/../../../../arm-none-eabi/lib/thumb/v7e-m\libc.a(lib_a-mprec.o)
                0x00406fbc                _Balloc
 .text._Bfree   0x00407008       0x14 c:/program files (x86)/atmel/studio/7.0/toolchain/arm/arm-gnu-toolchain/bin/../lib/gcc/arm-none-eabi/6.3.1/../../../../arm-none-eabi/lib/thumb/v7e-m\libc.a(lib_a-mprec.o)
                0x00407008                _Bfree
 .text.__multadd
                0x0040701c       0x80 c:/program files (x86)/atmel/studio/7.0/toolchain/arm/arm-gnu-toolchain/bin/../lib/gcc/arm-none-eabi/6.3.1/../../../../arm-none-eabi/lib/thumb/v7e-m\libc.a(lib_a-mprec.o)
                0x0040701c                __multadd
 .text.__hi0bits
                0x0040709c       0x40 c:/program files (x86)/atmel/studio/7.0/toolchain/arm/arm-gnu-toolchain/bin/../lib/gcc/arm-none-eabi/6.3.1/../../../../arm-none-eabi/lib/thumb/v7e-m\libc.a(lib_a-mprec.o)
                0x0040709c                __hi0bits
 .text.__lo0bits
                0x004070dc       0x60 c:/program files (x86)/atmel/studio/7.0/toolchain/arm/arm-gnu-toolchain/bin/../lib/gcc/arm-none-eabi/6.3.1/../../../../arm-none-eabi/lib/thumb/v7e-m\libc.a(lib_a-mprec.o)
                0x004070dc                __lo0bits
 .text.__i2b    0x0040713c       0x14 c:/program files (x86)/atmel/studio/7.0/toolchain/arm/arm-gnu-toolchain/bin/../lib/gcc/arm-none-eabi/6.3.1/../../../../arm-none-eabi/lib/thumb/v7e-m\libc.a(lib_a-mprec.o)
                0x0040713c                __i2b
 .text.__multiply
                0x00407150      0x124 c:/program files (x86)/atmel/studio/7.0/toolchain/arm/arm-gnu-toolchain/bin/../lib/gcc/arm-none-eabi/6.3.1/../../../../arm-none-eabi/lib/thumb/v7e-m\libc.a(lib_a-mprec.o)
                0x00407150                __multiply
 .text.__pow5mult
                0x00407274       0xa0 c:/program files (x86)/atmel/studio/7.0/toolchain/arm/arm-gnu-toolchain/bin/../lib/gcc/arm-none-eabi/6.3.1/../../../../arm-none-eabi/lib/thumb/v7e-m\libc.a(lib_a-mprec.o)
                0x00407274                __pow5mult
 .text.__lshift
                0x00407314       0xa4 c:/program files (x86)/atmel/studio/7.0/toolchain/arm/arm-gnu-toolchain/bin/../lib/gcc/arm-none-eabi/6.3.1/../../../../arm-none-eabi/lib/thumb/v7e-m\libc.a(lib_a-mprec.o)
                0x00407314                __lshift
 .text.__mcmp   0x004073b8       0x38 c:/program files (x86)/atmel/studio/7.0/toolchain/arm/arm-gnu-toolchain/bin/../lib/gcc/arm-none-eabi/6.3.1/../../../../arm-none-eabi/lib/thumb/v7e-m\libc.a(lib_a-mprec.o)
                0x004073b8                __mcmp
 .text.__mdiff  0x004073f0      0x108 c:/program files (x86)/atmel/studio/7.0/toolchain/arm/arm-gnu-toolchain/bin/../lib/gcc/arm-none-eabi/6.3.1/../../../../arm-none-eabi/lib/thumb/v7e-m\libc.a(lib_a-mprec.o)
                0x004073f0                __mdiff
 .text.__d2b    0x004074f8       0xb8 c:/program files (x86)/atmel/studio/7.0/toolchain/arm/arm-gnu-toolchain/bin/../lib/gcc/arm-none-eabi/6.3.1/../../../../arm-none-eabi/lib/thumb/v7e-m\libc.a(lib_a-mprec.o)
                0x004074f8                __d2b
 .text._sbrk_r  0x004075b0       0x24 c:/program files (x86)/atmel/studio/7.0/toolchain/arm/arm-gnu-toolchain/bin/../lib/gcc/arm-none-eabi/6.3.1/../../../../arm-none-eabi/lib/thumb/v7e-m\libc.a(lib_a-sbrkr.o)
                0x004075b0                _sbrk_r
 *fill*         0x004075d4       0x2c 
 .text          0x00407600       0xdc c:/program files (x86)/atmel/studio/7.0/toolchain/arm/arm-gnu-toolchain/bin/../lib/gcc/arm-none-eabi/6.3.1/../../../../arm-none-eabi/lib/thumb/v7e-m\libc.a(lib_a-strlen.o)
                0x00407600                strlen
 .text.__ssprint_r
                0x004076dc       0xfc c:/program files (x86)/atmel/studio/7.0/toolchain/arm/arm-gnu-toolchain/bin/../lib/gcc/arm-none-eabi/6.3.1/../../../../arm-none-eabi/lib/thumb/v7e-m\libc.a(lib_a-svfiprintf.o)
                0x004076dc                __ssprint_r
 .text.__register_exitproc
                0x004077d8       0xc4 c:/program files (x86)/atmel/studio/7.0/toolchain/arm/arm-gnu-toolchain/bin/../lib/gcc/arm-none-eabi/6.3.1/../../../../arm-none-eabi/lib/thumb/v7e-m\libc.a(lib_a-__atexit.o)
                0x004077d8                __register_exitproc
 .text._calloc_r
                0x0040789c       0x60 c:/program files (x86)/atmel/studio/7.0/toolchain/arm/arm-gnu-toolchain/bin/../lib/gcc/arm-none-eabi/6.3.1/../../../../arm-none-eabi/lib/thumb/v7e-m\libc.a(lib_a-callocr.o)
                0x0040789c                _calloc_r
 .text._malloc_trim_r
                0x004078fc       0xa0 c:/program files (x86)/atmel/studio/7.0/toolchain/arm/arm-gnu-toolchain/bin/../lib/gcc/arm-none-eabi/6.3.1/../../../../arm-none-eabi/lib/thumb/v7e-m\libc.a(lib_a-freer.o)
                0x004078fc                _malloc_trim_r
 .text._free_r  0x0040799c      0x1cc c:/program files (x86)/atmel/studio/7.0/toolchain/arm/arm-gnu-toolchain/bin/../lib/gcc/arm-none-eabi/6.3.1/../../../../arm-none-eabi/lib/thumb/v7e-m\libc.a(lib_a-freer.o)
                0x0040799c                _free_r
 .text.__ascii_mbtowc
                0x00407b68       0x2c c:/program files (x86)/atmel/studio/7.0/toolchain/arm/arm-gnu-toolchain/bin/../lib/gcc/arm-none-eabi/6.3.1/../../../../arm-none-eabi/lib/thumb/v7e-m\libc.a(lib_a-mbtowc_r.o)
                0x00407b68                __ascii_mbtowc
 .text.memmove  0x00407b94       0xc8 c:/program files (x86)/atmel/studio/7.0/toolchain/arm/arm-gnu-toolchain/bin/../lib/gcc/arm-none-eabi/6.3.1/../../../../arm-none-eabi/lib/thumb/v7e-m\libc.a(lib_a-memmove.o)
                0x00407b94                memmove
 .text._realloc_r
                0x00407c5c      0x34c c:/program files (x86)/atmel/studio/7.0/toolchain/arm/arm-gnu-toolchain/bin/../lib/gcc/arm-none-eabi/6.3.1/../../../../arm-none-eabi/lib/thumb/v7e-m\libc.a(lib_a-reallocr.o)
                0x00407c5c                _realloc_r
 .text.__ascii_wctomb
                0x00407fa8       0x1c c:/program files (x86)/atmel/studio/7.0/toolchain/arm/arm-gnu-toolchain/bin/../lib/gcc/arm-none-eabi/6.3.1/../../../../arm-none-eabi/lib/thumb/v7e-m\libc.a(lib_a-wctomb_r.o)
                0x00407fa8                __ascii_wctomb
 .text          0x00407fc4      0x110 c:/program files (x86)/atmel/studio/7.0/toolchain/arm/arm-gnu-toolchain/bin/../lib/gcc/arm-none-eabi/6.3.1/thumb/v7e-m\libgcc.a(_arm_cmpdf2.o)
                0x00407fc4                __gtdf2
                0x00407fc4                __gedf2
                0x00407fcc                __ltdf2
                0x00407fcc                __ledf2
                0x00407fd4                __nedf2
                0x00407fd4                __eqdf2
                0x00407fd4                __cmpdf2
                0x00408050                __aeabi_cdrcmple
                0x00408060                __aeabi_cdcmpeq
                0x00408060                __aeabi_cdcmple
                0x00408070                __aeabi_dcmpeq
                0x00408084                __aeabi_dcmplt
                0x00408098                __aeabi_dcmple
                0x004080ac                __aeabi_dcmpge
                0x004080c0                __aeabi_dcmpgt
 .text          0x004080d4       0x2c c:/program files (x86)/atmel/studio/7.0/toolchain/arm/arm-gnu-toolchain/bin/../lib/gcc/arm-none-eabi/6.3.1/thumb/v7e-m\libgcc.a(_arm_unorddf2.o)
                0x004080d4                __unorddf2
                0x004080d4                __aeabi_dcmpun
 .text          0x00408100       0x30 c:/program files (x86)/atmel/studio/7.0/toolchain/arm/arm-gnu-toolchain/bin/../lib/gcc/arm-none-eabi/6.3.1/thumb/v7e-m\libgcc.a(_aeabi_uldivmod.o)
                0x00408100                __aeabi_uldivmod
 .text          0x00408130      0x2dc c:/program files (x86)/atmel/studio/7.0/toolchain/arm/arm-gnu-toolchain/bin/../lib/gcc/arm-none-eabi/6.3.1/thumb/v7e-m\libgcc.a(_udivmoddi4.o)
                0x00408130                __udivmoddi4
 .text          0x0040840c        0x4 c:/program files (x86)/atmel/studio/7.0/toolchain/arm/arm-gnu-toolchain/bin/../lib/gcc/arm-none-eabi/6.3.1/thumb/v7e-m\libgcc.a(_dvmd_tls.o)
                0x0040840c                __aeabi_idiv0
                0x0040840c                __aeabi_ldiv0
 *(.glue_7t)
 .glue_7t       0x00408410        0x0 linker stubs
 *(.glue_7)
 .glue_7        0x00408410        0x0 linker stubs
 *(.rodata .rodata* .gnu.linkonce.r.*)
 .rodata.image_data_calibri_36_0x20
                0x00408410      0x378 src/main.o
 .rodata.calibri_36_0x20
                0x00408788       0x10 src/main.o
 .rodata.image_data_calibri_36_0x21
                0x00408798      0x534 src/main.o
 .rodata.calibri_36_0x21
                0x00408ccc       0x10 src/main.o
 .rodata.image_data_calibri_36_0x22
                0x00408cdc      0x612 src/main.o
 *fill*         0x004092ee        0x2 
 .rodata.calibri_36_0x22
                0x004092f0       0x10 src/main.o
 .rodata.image_data_calibri_36_0x23
                0x00409300      0x7ce src/main.o
 *fill*         0x00409ace        0x2 
 .rodata.calibri_36_0x23
                0x00409ad0       0x10 src/main.o
 .rodata.image_data_calibri_36_0x24
                0x00409ae0      0x7ce src/main.o
 *fill*         0x0040a2ae        0x2 
 .rodata.calibri_36_0x24
                0x0040a2b0       0x10 src/main.o
 .rodata.image_data_calibri_36_0x25
                0x0040a2c0      0xb46 src/main.o
 *fill*         0x0040ae06        0x2 
 .rodata.calibri_36_0x25
                0x0040ae08       0x10 src/main.o
 .rodata.image_data_calibri_36_0x26
                0x0040ae18      0xad7 src/main.o
 *fill*         0x0040b8ef        0x1 
 .rodata.calibri_36_0x26
                0x0040b8f0       0x10 src/main.o
 .rodata.image_data_calibri_36_0x27
                0x0040b900      0x378 src/main.o
 .rodata.calibri_36_0x27
                0x0040bc78       0x10 src/main.o
 .rodata.image_data_calibri_36_0x28
                0x0040bc88      0x4c5 src/main.o
 *fill*         0x0040c14d        0x3 
 .rodata.calibri_36_0x28
                0x0040c150       0x10 src/main.o
 .rodata.image_data_calibri_36_0x29
                0x0040c160      0x4c5 src/main.o
 *fill*         0x0040c625        0x3 
 .rodata.calibri_36_0x29
                0x0040c628       0x10 src/main.o
 .rodata.image_data_calibri_36_0x2a
                0x0040c638      0x7ce src/main.o
 *fill*         0x0040ce06        0x2 
 .rodata.calibri_36_0x2a
                0x0040ce08       0x10 src/main.o
 .rodata.image_data_calibri_36_0x2b
                0x0040ce18      0x7ce src/main.o
 *fill*         0x0040d5e6        0x2 
 .rodata.calibri_36_0x2b
                0x0040d5e8       0x10 src/main.o
 .rodata.image_data_calibri_36_0x2c
                0x0040d5f8      0x3e7 src/main.o
 *fill*         0x0040d9df        0x1 
 .rodata.calibri_36_0x2c
                0x0040d9e0       0x10 src/main.o
 .rodata.image_data_calibri_36_0x2d
                0x0040d9f0      0x4c5 src/main.o
 *fill*         0x0040deb5        0x3 
 .rodata.calibri_36_0x2d
                0x0040deb8       0x10 src/main.o
 .rodata.image_data_calibri_36_0x2e
                0x0040dec8      0x3e7 src/main.o
 *fill*         0x0040e2af        0x1 
 .rodata.calibri_36_0x2e
                0x0040e2b0       0x10 src/main.o
 .rodata.image_data_calibri_36_0x2f
                0x0040e2c0      0x612 src/main.o
 *fill*         0x0040e8d2        0x2 
 .rodata.calibri_36_0x2f
                0x0040e8d4       0x10 src/main.o
 .rodata.image_data_calibri_36_0x30
                0x0040e8e4      0x7ce src/main.o
 *fill*         0x0040f0b2        0x2 
 .rodata.calibri_36_0x30
                0x0040f0b4       0x10 src/main.o
 .rodata.image_data_calibri_36_0x31
                0x0040f0c4      0x7ce src/main.o
 *fill*         0x0040f892        0x2 
 .rodata.calibri_36_0x31
                0x0040f894       0x10 src/main.o
 .rodata.image_data_calibri_36_0x32
                0x0040f8a4      0x7ce src/main.o
 *fill*         0x00410072        0x2 
 .rodata.calibri_36_0x32
                0x00410074       0x10 src/main.o
 .rodata.image_data_calibri_36_0x33
                0x00410084      0x7ce src/main.o
 *fill*         0x00410852        0x2 
 .rodata.calibri_36_0x33
                0x00410854       0x10 src/main.o
 .rodata.image_data_calibri_36_0x34
                0x00410864      0x7ce src/main.o
 *fill*         0x00411032        0x2 
 .rodata.calibri_36_0x34
                0x00411034       0x10 src/main.o
 .rodata.image_data_calibri_36_0x35
                0x00411044      0x7ce src/main.o
 *fill*         0x00411812        0x2 
 .rodata.calibri_36_0x35
                0x00411814       0x10 src/main.o
 .rodata.image_data_calibri_36_0x36
                0x00411824      0x7ce src/main.o
 *fill*         0x00411ff2        0x2 
 .rodata.calibri_36_0x36
                0x00411ff4       0x10 src/main.o
 .rodata.image_data_calibri_36_0x37
                0x00412004      0x7ce src/main.o
 *fill*         0x004127d2        0x2 
 .rodata.calibri_36_0x37
                0x004127d4       0x10 src/main.o
 .rodata.image_data_calibri_36_0x38
                0x004127e4      0x7ce src/main.o
 *fill*         0x00412fb2        0x2 
 .rodata.calibri_36_0x38
                0x00412fb4       0x10 src/main.o
 .rodata.image_data_calibri_36_0x39
                0x00412fc4      0x7ce src/main.o
 *fill*         0x00413792        0x2 
 .rodata.calibri_36_0x39
                0x00413794       0x10 src/main.o
 .rodata.image_data_calibri_36_0x3a
                0x004137a4      0x456 src/main.o
 *fill*         0x00413bfa        0x2 
 .rodata.calibri_36_0x3a
                0x00413bfc       0x10 src/main.o
 .rodata.image_data_calibri_36_0x3b
                0x00413c0c      0x456 src/main.o
 *fill*         0x00414062        0x2 
 .rodata.calibri_36_0x3b
                0x00414064       0x10 src/main.o
 .rodata.image_data_calibri_36_0x3c
                0x00414074      0x7ce src/main.o
 *fill*         0x00414842        0x2 
 .rodata.calibri_36_0x3c
                0x00414844       0x10 src/main.o
 .rodata.image_data_calibri_36_0x3d
                0x00414854      0x7ce src/main.o
 *fill*         0x00415022        0x2 
 .rodata.calibri_36_0x3d
                0x00415024       0x10 src/main.o
 .rodata.image_data_calibri_36_0x3e
                0x00415034      0x7ce src/main.o
 *fill*         0x00415802        0x2 
 .rodata.calibri_36_0x3e
                0x00415804       0x10 src/main.o
 .rodata.image_data_calibri_36_0x3f
                0x00415814      0x75f src/main.o
 *fill*         0x00415f73        0x1 
 .rodata.calibri_36_0x3f
                0x00415f74       0x10 src/main.o
 .rodata.image_data_calibri_36_0x40
                0x00415f84      0xde0 src/main.o
 .rodata.calibri_36_0x40
                0x00416d64       0x10 src/main.o
 .rodata.image_data_calibri_36_0x41
                0x00416d74      0x91b src/main.o
 *fill*         0x0041768f        0x1 
 .rodata.calibri_36_0x41
                0x00417690       0x10 src/main.o
 .rodata.image_data_calibri_36_0x42
                0x004176a0      0x8ac src/main.o
 .rodata.calibri_36_0x42
                0x00417f4c       0x10 src/main.o
 .rodata.image_data_calibri_36_0x43
                0x00417f5c      0x83d src/main.o
 *fill*         0x00418799        0x3 
 .rodata.calibri_36_0x43
                0x0041879c       0x10 src/main.o
 .rodata.image_data_calibri_36_0x44
                0x004187ac      0x98a src/main.o
 *fill*         0x00419136        0x2 
 .rodata.calibri_36_0x44
                0x00419138       0x10 src/main.o
 .rodata.image_data_calibri_36_0x45
                0x00419148      0x7ce src/main.o
 *fill*         0x00419916        0x2 
 .rodata.calibri_36_0x45
                0x00419918       0x10 src/main.o
 .rodata.image_data_calibri_36_0x46
                0x00419928      0x75f src/main.o
 *fill*         0x0041a087        0x1 
 .rodata.calibri_36_0x46
                0x0041a088       0x10 src/main.o
 .rodata.image_data_calibri_36_0x47
                0x0041a098      0x9f9 src/main.o
 *fill*         0x0041aa91        0x3 
 .rodata.calibri_36_0x47
                0x0041aa94       0x10 src/main.o
 .rodata.image_data_calibri_36_0x48
                0x0041aaa4      0x98a src/main.o
 *fill*         0x0041b42e        0x2 
 .rodata.calibri_36_0x48
                0x0041b430       0x10 src/main.o
 .rodata.image_data_calibri_36_0x49
                0x0041b440      0x3e7 src/main.o
 *fill*         0x0041b827        0x1 
 .rodata.calibri_36_0x49
                0x0041b828       0x10 src/main.o
 .rodata.image_data_calibri_36_0x4a
                0x0041b838      0x4c5 src/main.o
 *fill*         0x0041bcfd        0x3 
 .rodata.calibri_36_0x4a
                0x0041bd00       0x10 src/main.o
 .rodata.image_data_calibri_36_0x4b
                0x0041bd10      0x83d src/main.o
 *fill*         0x0041c54d        0x3 
 .rodata.calibri_36_0x4b
                0x0041c550       0x10 src/main.o
 .rodata.image_data_calibri_36_0x4c
                0x0041c560      0x681 src/main.o
 *fill*         0x0041cbe1        0x3 
 .rodata.calibri_36_0x4c
                0x0041cbe4       0x10 src/main.o
 .rodata.image_data_calibri_36_0x4d
                0x0041cbf4      0xd71 src/main.o
 *fill*         0x0041d965        0x3 
 .rodata.calibri_36_0x4d
                0x0041d968       0x10 src/main.o
 .rodata.image_data_calibri_36_0x4e
                0x0041d978      0x9f9 src/main.o
 *fill*         0x0041e371        0x3 
 .rodata.calibri_36_0x4e
                0x0041e374       0x10 src/main.o
 .rodata.image_data_calibri_36_0x4f
                0x0041e384      0xa68 src/main.o
 .rodata.calibri_36_0x4f
                0x0041edec       0x10 src/main.o
 .rodata.image_data_calibri_36_0x50
                0x0041edfc      0x83d src/main.o
 *fill*         0x0041f639        0x3 
 .rodata.calibri_36_0x50
                0x0041f63c       0x10 src/main.o
 .rodata.image_data_calibri_36_0x51
                0x0041f64c      0xad7 src/main.o
 *fill*         0x00420123        0x1 
 .rodata.calibri_36_0x51
                0x00420124       0x10 src/main.o
 .rodata.image_data_calibri_36_0x52
                0x00420134      0x8ac src/main.o
 .rodata.calibri_36_0x52
                0x004209e0       0x10 src/main.o
 .rodata.image_data_calibri_36_0x53
                0x004209f0      0x75f src/main.o
 *fill*         0x0042114f        0x1 
 .rodata.calibri_36_0x53
                0x00421150       0x10 src/main.o
 .rodata.image_data_calibri_36_0x54
                0x00421160      0x7ce src/main.o
 *fill*         0x0042192e        0x2 
 .rodata.calibri_36_0x54
                0x00421930       0x10 src/main.o
 .rodata.image_data_calibri_36_0x55
                0x00421940      0x9f9 src/main.o
 *fill*         0x00422339        0x3 
 .rodata.calibri_36_0x55
                0x0042233c       0x10 src/main.o
 .rodata.image_data_calibri_36_0x56
                0x0042234c      0x8ac src/main.o
 .rodata.calibri_36_0x56
                0x00422bf8       0x10 src/main.o
 .rodata.image_data_calibri_36_0x57
                0x00422c08      0xde0 src/main.o
 .rodata.calibri_36_0x57
                0x004239e8       0x10 src/main.o
 .rodata.image_data_calibri_36_0x58
                0x004239f8      0x83d src/main.o
 *fill*         0x00424235        0x3 
 .rodata.calibri_36_0x58
                0x00424238       0x10 src/main.o
 .rodata.image_data_calibri_36_0x59
                0x00424248      0x7ce src/main.o
 *fill*         0x00424a16        0x2 
 .rodata.calibri_36_0x59
                0x00424a18       0x10 src/main.o
 .rodata.image_data_calibri_36_0x5a
                0x00424a28      0x75f src/main.o
 *fill*         0x00425187        0x1 
 .rodata.calibri_36_0x5a
                0x00425188       0x10 src/main.o
 .rodata.image_data_calibri_36_0x5b
                0x00425198      0x4c5 src/main.o
 *fill*         0x0042565d        0x3 
 .rodata.calibri_36_0x5b
                0x00425660       0x10 src/main.o
 .rodata.image_data_calibri_36_0x5c
                0x00425670      0x612 src/main.o
 *fill*         0x00425c82        0x2 
 .rodata.calibri_36_0x5c
                0x00425c84       0x10 src/main.o
 .rodata.image_data_calibri_36_0x5d
                0x00425c94      0x4c5 src/main.o
 *fill*         0x00426159        0x3 
 .rodata.calibri_36_0x5d
                0x0042615c       0x10 src/main.o
 .rodata.image_data_calibri_36_0x5e
                0x0042616c      0x7ce src/main.o
 *fill*         0x0042693a        0x2 
 .rodata.calibri_36_0x5e
                0x0042693c       0x10 src/main.o
 .rodata.image_data_calibri_36_0x5f
                0x0042694c      0x7ce src/main.o
 *fill*         0x0042711a        0x2 
 .rodata.calibri_36_0x5f
                0x0042711c       0x10 src/main.o
 .rodata.image_data_calibri_36_0x60
                0x0042712c      0x456 src/main.o
 *fill*         0x00427582        0x2 
 .rodata.calibri_36_0x60
                0x00427584       0x10 src/main.o
 .rodata.image_data_calibri_36_0x61
                0x00427594      0x75f src/main.o
 *fill*         0x00427cf3        0x1 
 .rodata.calibri_36_0x61
                0x00427cf4       0x10 src/main.o
 .rodata.image_data_calibri_36_0x62
                0x00427d04      0x83d src/main.o
 *fill*         0x00428541        0x3 
 .rodata.calibri_36_0x62
                0x00428544       0x10 src/main.o
 .rodata.image_data_calibri_36_0x63
                0x00428554      0x681 src/main.o
 *fill*         0x00428bd5        0x3 
 .rodata.calibri_36_0x63
                0x00428bd8       0x10 src/main.o
 .rodata.image_data_calibri_36_0x64
                0x00428be8      0x83d src/main.o
 *fill*         0x00429425        0x3 
 .rodata.calibri_36_0x64
                0x00429428       0x10 src/main.o
 .rodata.image_data_calibri_36_0x65
                0x00429438      0x7ce src/main.o
 *fill*         0x00429c06        0x2 
 .rodata.calibri_36_0x65
                0x00429c08       0x10 src/main.o
 .rodata.image_data_calibri_36_0x66
                0x00429c18      0x4c5 src/main.o
 *fill*         0x0042a0dd        0x3 
 .rodata.calibri_36_0x66
                0x0042a0e0       0x10 src/main.o
 .rodata.image_data_calibri_36_0x67
                0x0042a0f0      0x75f src/main.o
 *fill*         0x0042a84f        0x1 
 .rodata.calibri_36_0x67
                0x0042a850       0x10 src/main.o
 .rodata.image_data_calibri_36_0x68
                0x0042a860      0x83d src/main.o
 *fill*         0x0042b09d        0x3 
 .rodata.calibri_36_0x68
                0x0042b0a0       0x10 src/main.o
 .rodata.image_data_calibri_36_0x69
                0x0042b0b0      0x378 src/main.o
 .rodata.calibri_36_0x69
                0x0042b428       0x10 src/main.o
 .rodata.image_data_calibri_36_0x6a
                0x0042b438      0x3e7 src/main.o
 *fill*         0x0042b81f        0x1 
 .rodata.calibri_36_0x6a
                0x0042b820       0x10 src/main.o
 .rodata.image_data_calibri_36_0x6b
                0x0042b830      0x6f0 src/main.o
 .rodata.calibri_36_0x6b
                0x0042bf20       0x10 src/main.o
 .rodata.image_data_calibri_36_0x6c
                0x0042bf30      0x378 src/main.o
 .rodata.calibri_36_0x6c
                0x0042c2a8       0x10 src/main.o
 .rodata.image_data_calibri_36_0x6d
                0x0042c2b8      0xc93 src/main.o
 *fill*         0x0042cf4b        0x1 
 .rodata.calibri_36_0x6d
                0x0042cf4c       0x10 src/main.o
 .rodata.image_data_calibri_36_0x6e
                0x0042cf5c      0x83d src/main.o
 *fill*         0x0042d799        0x3 
 .rodata.calibri_36_0x6e
                0x0042d79c       0x10 src/main.o
 .rodata.image_data_calibri_36_0x6f
                0x0042d7ac      0x83d src/main.o
 *fill*         0x0042dfe9        0x3 
 .rodata.calibri_36_0x6f
                0x0042dfec       0x10 src/main.o
 .rodata.image_data_calibri_36_0x70
                0x0042dffc      0x83d src/main.o
 *fill*         0x0042e839        0x3 
 .rodata.calibri_36_0x70
                0x0042e83c       0x10 src/main.o
 .rodata.image_data_calibri_36_0x71
                0x0042e84c      0x83d src/main.o
 *fill*         0x0042f089        0x3 
 .rodata.calibri_36_0x71
                0x0042f08c       0x10 src/main.o
 .rodata.image_data_calibri_36_0x72
                0x0042f09c      0x5a3 src/main.o
 *fill*         0x0042f63f        0x1 
 .rodata.calibri_36_0x72
                0x0042f640       0x10 src/main.o
 .rodata.image_data_calibri_36_0x73
                0x0042f650      0x612 src/main.o
 *fill*         0x0042fc62        0x2 
 .rodata.calibri_36_0x73
                0x0042fc64       0x10 src/main.o
 .rodata.image_data_calibri_36_0x74
                0x0042fc74      0x534 src/main.o
 .rodata.calibri_36_0x74
                0x004301a8       0x10 src/main.o
 .rodata.image_data_calibri_36_0x75
                0x004301b8      0x83d src/main.o
 *fill*         0x004309f5        0x3 
 .rodata.calibri_36_0x75
                0x004309f8       0x10 src/main.o
 .rodata.image_data_calibri_36_0x76
                0x00430a08      0x6f0 src/main.o
 .rodata.calibri_36_0x76
                0x004310f8       0x10 src/main.o
 .rodata.image_data_calibri_36_0x77
                0x00431108      0xb46 src/main.o
 *fill*         0x00431c4e        0x2 
 .rodata.calibri_36_0x77
                0x00431c50       0x10 src/main.o
 .rodata.image_data_calibri_36_0x78
                0x00431c60      0x6f0 src/main.o
 .rodata.calibri_36_0x78
                0x00432350       0x10 src/main.o
 .rodata.image_data_calibri_36_0x79
                0x00432360      0x6f0 src/main.o
 .rodata.calibri_36_0x79
                0x00432a50       0x10 src/main.o
 .rodata.image_data_calibri_36_0x7a
                0x00432a60      0x612 src/main.o
 *fill*         0x00433072        0x2 
 .rodata.calibri_36_0x7a
                0x00433074       0x10 src/main.o
 .rodata.image_data_calibri_36_0x7b
                0x00433084      0x4c5 src/main.o
 *fill*         0x00433549        0x3 
 .rodata.calibri_36_0x7b
                0x0043354c       0x10 src/main.o
 .rodata.image_data_calibri_36_0x7c
                0x0043355c      0x75f src/main.o
 *fill*         0x00433cbb        0x1 
 .rodata.calibri_36_0x7c
                0x00433cbc       0x10 src/main.o
 .rodata.image_data_calibri_36_0x7d
                0x00433ccc      0x4c5 src/main.o
 *fill*         0x00434191        0x3 
 .rodata.calibri_36_0x7d
                0x00434194       0x10 src/main.o
 .rodata.image_data_calibri_36_0x7e
                0x004341a4      0x7ce src/main.o
 *fill*         0x00434972        0x2 
 .rodata.calibri_36_0x7e
                0x00434974       0x10 src/main.o
 .rodata.calibri_36_array
                0x00434984      0x2f8 src/main.o
 .rodata.calibri_36
                0x00434c7c        0xc src/main.o
                0x00434c7c                calibri_36
 .rodata.image_data_arial_72_0x30
                0x00434c88     0x2760 src/main.o
 .rodata.arial_72_0x30
                0x004373e8       0x10 src/main.o
 .rodata.image_data_arial_72_0x31
                0x004373f8     0x2760 src/main.o
 .rodata.arial_72_0x31
                0x00439b58       0x10 src/main.o
 .rodata.image_data_arial_72_0x32
                0x00439b68     0x2760 src/main.o
 .rodata.arial_72_0x32
                0x0043c2c8       0x10 src/main.o
 .rodata.image_data_arial_72_0x33
                0x0043c2d8     0x2760 src/main.o
 .rodata.arial_72_0x33
                0x0043ea38       0x10 src/main.o
 .rodata.image_data_arial_72_0x34
                0x0043ea48     0x2760 src/main.o
 .rodata.arial_72_0x34
                0x004411a8       0x10 src/main.o
 .rodata.image_data_arial_72_0x35
                0x004411b8     0x2760 src/main.o
 .rodata.arial_72_0x35
                0x00443918       0x10 src/main.o
 .rodata.image_data_arial_72_0x36
                0x00443928     0x2760 src/main.o
 .rodata.arial_72_0x36
                0x00446088       0x10 src/main.o
 .rodata.image_data_arial_72_0x37
                0x00446098     0x2760 src/main.o
 .rodata.arial_72_0x37
                0x004487f8       0x10 src/main.o
 .rodata.image_data_arial_72_0x38
                0x00448808     0x2760 src/main.o
 .rodata.arial_72_0x38
                0x0044af68       0x10 src/main.o
 .rodata.image_data_arial_72_0x39
                0x0044af78     0x2760 src/main.o
 .rodata.arial_72_0x39
                0x0044d6d8       0x10 src/main.o
 .rodata.arial_72_array
                0x0044d6e8       0x50 src/main.o
 .rodata.arial_72
                0x0044d738        0xc src/main.o
                0x0044d738                arial_72
 .rodata        0x0044d744       0x42 src/main.o
 *fill*         0x0044d786        0x2 
 .rodata._global_impure_ptr
                0x0044d788        0x4 c:/program files (x86)/atmel/studio/7.0/toolchain/arm/arm-gnu-toolchain/bin/../lib/gcc/arm-none-eabi/6.3.1/../../../../arm-none-eabi/lib/thumb/v7e-m\libc.a(lib_a-impure.o)
                0x0044d788                _global_impure_ptr
 .rodata._svfprintf_r.str1.4
                0x0044d78c       0x42 c:/program files (x86)/atmel/studio/7.0/toolchain/arm/arm-gnu-toolchain/bin/../lib/gcc/arm-none-eabi/6.3.1/../../../../arm-none-eabi/lib/thumb/v7e-m\libc.a(lib_a-svfprintf.o)
 *fill*         0x0044d7ce        0x2 
 .rodata.blanks.7223
                0x0044d7d0       0x10 c:/program files (x86)/atmel/studio/7.0/toolchain/arm/arm-gnu-toolchain/bin/../lib/gcc/arm-none-eabi/6.3.1/../../../../arm-none-eabi/lib/thumb/v7e-m\libc.a(lib_a-svfprintf.o)
 .rodata.zeroes.7224
                0x0044d7e0       0x10 c:/program files (x86)/atmel/studio/7.0/toolchain/arm/arm-gnu-toolchain/bin/../lib/gcc/arm-none-eabi/6.3.1/../../../../arm-none-eabi/lib/thumb/v7e-m\libc.a(lib_a-svfprintf.o)
 .rodata._dtoa_r.str1.4
                0x0044d7f0       0x10 c:/program files (x86)/atmel/studio/7.0/toolchain/arm/arm-gnu-toolchain/bin/../lib/gcc/arm-none-eabi/6.3.1/../../../../arm-none-eabi/lib/thumb/v7e-m\libc.a(lib_a-dtoa.o)
                                 0x12 (size before relaxing)
 .rodata.__mprec_bigtens
                0x0044d800       0x28 c:/program files (x86)/atmel/studio/7.0/toolchain/arm/arm-gnu-toolchain/bin/../lib/gcc/arm-none-eabi/6.3.1/../../../../arm-none-eabi/lib/thumb/v7e-m\libc.a(lib_a-mprec.o)
                0x0044d800                __mprec_bigtens
 .rodata.__mprec_tens
                0x0044d828       0xc8 c:/program files (x86)/atmel/studio/7.0/toolchain/arm/arm-gnu-toolchain/bin/../lib/gcc/arm-none-eabi/6.3.1/../../../../arm-none-eabi/lib/thumb/v7e-m\libc.a(lib_a-mprec.o)
                0x0044d828                __mprec_tens
 .rodata.p05.6055
                0x0044d8f0        0xc c:/program files (x86)/atmel/studio/7.0/toolchain/arm/arm-gnu-toolchain/bin/../lib/gcc/arm-none-eabi/6.3.1/../../../../arm-none-eabi/lib/thumb/v7e-m\libc.a(lib_a-mprec.o)
 .rodata._setlocale_r.str1.4
                0x0044d8fc        0xa c:/program files (x86)/atmel/studio/7.0/toolchain/arm/arm-gnu-toolchain/bin/../lib/gcc/arm-none-eabi/6.3.1/../../../../arm-none-eabi/lib/thumb/v7e-m\libc.a(lib_a-locale.o)
                                  0xd (size before relaxing)
 *fill*         0x0044d906        0x2 
 .rodata.str1.4
                0x0044d908        0x4 c:/program files (x86)/atmel/studio/7.0/toolchain/arm/arm-gnu-toolchain/bin/../lib/gcc/arm-none-eabi/6.3.1/../../../../arm-none-eabi/lib/thumb/v7e-m\libc.a(lib_a-locale.o)
                                  0x2 (size before relaxing)
 .rodata._ctype_
                0x0044d90c      0x101 c:/program files (x86)/atmel/studio/7.0/toolchain/arm/arm-gnu-toolchain/bin/../lib/gcc/arm-none-eabi/6.3.1/../../../../arm-none-eabi/lib/thumb/v7e-m\libc.a(lib_a-ctype_.o)
                0x0044d90c                _ctype_
 *(.ARM.extab* .gnu.linkonce.armextab.*)
                0x0044da10                . = ALIGN (0x4)
 *fill*         0x0044da0d        0x3 
 *(.init)
 .init          0x0044da10        0x4 c:/program files (x86)/atmel/studio/7.0/toolchain/arm/arm-gnu-toolchain/bin/../lib/gcc/arm-none-eabi/6.3.1/thumb/v7e-m/crti.o
                0x0044da10                _init
 .init          0x0044da14        0x8 c:/program files (x86)/atmel/studio/7.0/toolchain/arm/arm-gnu-toolchain/bin/../lib/gcc/arm-none-eabi/6.3.1/thumb/v7e-m/crtn.o
                0x0044da1c                . = ALIGN (0x4)
                0x0044da1c                __preinit_array_start = .
 *(.preinit_array)
                0x0044da1c                __preinit_array_end = .
                0x0044da1c                . = ALIGN (0x4)
                0x0044da1c                __init_array_start = .
 *(SORT(.init_array.*))
 .init_array.00000
                0x0044da1c        0x4 c:/program files (x86)/atmel/studio/7.0/toolchain/arm/arm-gnu-toolchain/bin/../lib/gcc/arm-none-eabi/6.3.1/../../../../arm-none-eabi/lib/thumb/v7e-m\libc.a(lib_a-__call_atexit.o)
 *(.init_array)
 .init_array    0x0044da20        0x4 c:/program files (x86)/atmel/studio/7.0/toolchain/arm/arm-gnu-toolchain/bin/../lib/gcc/arm-none-eabi/6.3.1/thumb/v7e-m/crtbegin.o
                0x0044da24                __init_array_end = .
                0x0044da24                . = ALIGN (0x4)
 *crtbegin.o(.ctors)
 *(EXCLUDE_FILE(*crtend.o) .ctors)
 *(SORT(.ctors.*))
 *crtend.o(.ctors)
                0x0044da24                . = ALIGN (0x4)
 *(.fini)
 .fini          0x0044da24        0x4 c:/program files (x86)/atmel/studio/7.0/toolchain/arm/arm-gnu-toolchain/bin/../lib/gcc/arm-none-eabi/6.3.1/thumb/v7e-m/crti.o
                0x0044da24                _fini
 .fini          0x0044da28        0x8 c:/program files (x86)/atmel/studio/7.0/toolchain/arm/arm-gnu-toolchain/bin/../lib/gcc/arm-none-eabi/6.3.1/thumb/v7e-m/crtn.o
                0x0044da30                . = ALIGN (0x4)
                0x0044da30                __fini_array_start = .
 *(.fini_array)
 .fini_array    0x0044da30        0x4 c:/program files (x86)/atmel/studio/7.0/toolchain/arm/arm-gnu-toolchain/bin/../lib/gcc/arm-none-eabi/6.3.1/thumb/v7e-m/crtbegin.o
 *(SORT(.fini_array.*))
                0x0044da34                __fini_array_end = .
 *crtbegin.o(.dtors)
 *(EXCLUDE_FILE(*crtend.o) .dtors)
 *(SORT(.dtors.*))
 *crtend.o(.dtors)
                0x0044da34                . = ALIGN (0x4)
                0x0044da34                _efixed = .
                [!provide]                PROVIDE (__exidx_start, .)

.vfp11_veneer   0x0044da34        0x0
 .vfp11_veneer  0x0044da34        0x0 linker stubs

.v4_bx          0x0044da34        0x0
 .v4_bx         0x0044da34        0x0 linker stubs

.iplt           0x0044da34        0x0
 .iplt          0x0044da34        0x0 c:/program files (x86)/atmel/studio/7.0/toolchain/arm/arm-gnu-toolchain/bin/../lib/gcc/arm-none-eabi/6.3.1/thumb/v7e-m/crtbegin.o

.ARM.exidx      0x0044da34        0x8
 *(.ARM.exidx* .gnu.linkonce.armexidx.*)
 .ARM.exidx     0x0044da34        0x8 c:/program files (x86)/atmel/studio/7.0/toolchain/arm/arm-gnu-toolchain/bin/../lib/gcc/arm-none-eabi/6.3.1/thumb/v7e-m\libgcc.a(_udivmoddi4.o)
                [!provide]                PROVIDE (__exidx_end, .)

.eh_frame       0x0044da3c        0x0
 .eh_frame      0x0044da3c        0x0 c:/program files (x86)/atmel/studio/7.0/toolchain/arm/arm-gnu-toolchain/bin/../lib/gcc/arm-none-eabi/6.3.1/thumb/v7e-m/crtbegin.o

.rel.dyn        0x0044da3c        0x0
 .rel.iplt      0x0044da3c        0x0 c:/program files (x86)/atmel/studio/7.0/toolchain/arm/arm-gnu-toolchain/bin/../lib/gcc/arm-none-eabi/6.3.1/thumb/v7e-m/crtbegin.o

.jcr            0x0044da3c        0x0
 .jcr           0x0044da3c        0x0 c:/program files (x86)/atmel/studio/7.0/toolchain/arm/arm-gnu-toolchain/bin/../lib/gcc/arm-none-eabi/6.3.1/thumb/v7e-m/crtbegin.o

.igot.plt       0x0044da3c        0x0
 .igot.plt      0x0044da3c        0x0 c:/program files (x86)/atmel/studio/7.0/toolchain/arm/arm-gnu-toolchain/bin/../lib/gcc/arm-none-eabi/6.3.1/thumb/v7e-m/crtbegin.o
                0x0044da3c                . = ALIGN (0x4)
                0x0044da3c                _etext = .

.relocate       0x20400000      0x9c0 load address 0x0044da3c
                0x20400000                . = ALIGN (0x4)
                0x20400000                _srelocate = .
 *(.ramfunc .ramfunc.*)
 *(.data .data.*)
 .data.bike_radius
                0x20400000        0x4 src/main.o
                0x20400000                bike_radius
 .data.PI       0x20400004        0x4 src/main.o
                0x20400004                PI
 .data.g_interrupt_enabled
                0x20400008        0x1 src/ASF/common/utils/interrupt/interrupt_sam_nvic.o
                0x20400008                g_interrupt_enabled
 *fill*         0x20400009        0x3 
 .data.ul_flash_in_wait_mode
                0x2040000c        0x4 src/ASF/sam/drivers/pmc/pmc.o
 .data.SystemCoreClock
                0x20400010        0x4 src/ASF/sam/utils/cmsis/same70/source/templates/system_same70.o
                0x20400010                SystemCoreClock
 .data._impure_ptr
                0x20400014        0x4 c:/program files (x86)/atmel/studio/7.0/toolchain/arm/arm-gnu-toolchain/bin/../lib/gcc/arm-none-eabi/6.3.1/../../../../arm-none-eabi/lib/thumb/v7e-m\libc.a(lib_a-impure.o)
                0x20400014                _impure_ptr
 .data.impure_data
                0x20400018      0x428 c:/program files (x86)/atmel/studio/7.0/toolchain/arm/arm-gnu-toolchain/bin/../lib/gcc/arm-none-eabi/6.3.1/../../../../arm-none-eabi/lib/thumb/v7e-m\libc.a(lib_a-impure.o)
 .data.__atexit_recursive_mutex
                0x20400440        0x4 c:/program files (x86)/atmel/studio/7.0/toolchain/arm/arm-gnu-toolchain/bin/../lib/gcc/arm-none-eabi/6.3.1/../../../../arm-none-eabi/lib/thumb/v7e-m\libc.a(lib_a-__call_atexit.o)
                0x20400440                __atexit_recursive_mutex
 .data.__malloc_av_
                0x20400444      0x408 c:/program files (x86)/atmel/studio/7.0/toolchain/arm/arm-gnu-toolchain/bin/../lib/gcc/arm-none-eabi/6.3.1/../../../../arm-none-eabi/lib/thumb/v7e-m\libc.a(lib_a-mallocr.o)
                0x20400444                __malloc_av_
 .data.__malloc_sbrk_base
                0x2040084c        0x4 c:/program files (x86)/atmel/studio/7.0/toolchain/arm/arm-gnu-toolchain/bin/../lib/gcc/arm-none-eabi/6.3.1/../../../../arm-none-eabi/lib/thumb/v7e-m\libc.a(lib_a-mallocr.o)
                0x2040084c                __malloc_sbrk_base
 .data.__malloc_trim_threshold
                0x20400850        0x4 c:/program files (x86)/atmel/studio/7.0/toolchain/arm/arm-gnu-toolchain/bin/../lib/gcc/arm-none-eabi/6.3.1/../../../../arm-none-eabi/lib/thumb/v7e-m\libc.a(lib_a-mallocr.o)
                0x20400850                __malloc_trim_threshold
 .data.__global_locale
                0x20400854      0x16c c:/program files (x86)/atmel/studio/7.0/toolchain/arm/arm-gnu-toolchain/bin/../lib/gcc/arm-none-eabi/6.3.1/../../../../arm-none-eabi/lib/thumb/v7e-m\libc.a(lib_a-locale.o)
                0x20400854                __global_locale
                0x204009c0                . = ALIGN (0x4)
                0x204009c0                _erelocate = .

.bss            0x204009c0      0x5bc load address 0x0044e3fc
                0x204009c0                . = ALIGN (0x4)
                0x204009c0                _sbss = .
                0x204009c0                _szero = .
 *(.bss .bss.*)
 .bss           0x204009c0       0x1c c:/program files (x86)/atmel/studio/7.0/toolchain/arm/arm-gnu-toolchain/bin/../lib/gcc/arm-none-eabi/6.3.1/thumb/v7e-m/crtbegin.o
 .bss.g_wobits_in_rtt_mr
                0x204009dc        0x4 src/ASF/sam/drivers/rtt/rtt.o
 .bss.f_rtt_alarme
                0x204009e0        0x1 src/main.o
                0x204009e0                f_rtt_alarme
 .bss.pause_flag
                0x204009e1        0x1 src/main.o
                0x204009e1                pause_flag
 *fill*         0x204009e2        0x2 
 .bss.velocidade
                0x204009e4        0x4 src/main.o
                0x204009e4                velocidade
 .bss.velocidade_maxima
                0x204009e8        0x4 src/main.o
                0x204009e8                velocidade_maxima
 .bss.count_velocidade_att
                0x204009ec        0x4 src/main.o
                0x204009ec                count_velocidade_att
 .bss.idle_count
                0x204009f0        0x4 src/main.o
                0x204009f0                idle_count
 .bss.idle_lastPulse
                0x204009f4        0x4 src/main.o
                0x204009f4                idle_lastPulse
 .bss.distancia
                0x204009f8        0x4 src/main.o
                0x204009f8                distancia
 .bss.pulsos    0x204009fc        0x4 src/main.o
                0x204009fc                pulsos
 .bss.delta_pulsos
                0x20400a00        0x4 src/main.o
                0x20400a00                delta_pulsos
 .bss.segundos  0x20400a04        0x4 src/main.o
                0x20400a04                segundos
 .bss.minutos   0x20400a08        0x4 src/main.o
                0x20400a08                minutos
 .bss.horas     0x20400a0c        0x4 src/main.o
                0x20400a0c                horas
 .bss.g_ul_pixel_cache
                0x20400a10      0x3c0 src/ASF/sam/components/display/ili9488/ili9488.o
 .bss.gs_interrupt_sources
                0x20400dd0       0x70 src/ASF/sam/drivers/pio/pio_handler.o
 .bss.gs_ul_nb_sources
                0x20400e40        0x4 src/ASF/sam/drivers/pio/pio_handler.o
 .bss.b_is_sleep_clock_used
                0x20400e44        0x1 src/ASF/sam/drivers/pmc/sleep.o
 *fill*         0x20400e45        0x3 
 .bss.callback_clocks_restored
                0x20400e48        0x4 src/ASF/sam/drivers/pmc/sleep.o
 .bss.heap.6420
                0x20400e4c        0x4 src/ASF/sam/utils/syscalls/gcc/syscalls.o
 .bss.__malloc_current_mallinfo
                0x20400e50       0x28 c:/program files (x86)/atmel/studio/7.0/toolchain/arm/arm-gnu-toolchain/bin/../lib/gcc/arm-none-eabi/6.3.1/../../../../arm-none-eabi/lib/thumb/v7e-m\libc.a(lib_a-mallocr.o)
                0x20400e50                __malloc_current_mallinfo
 .bss.__malloc_max_sbrked_mem
                0x20400e78        0x4 c:/program files (x86)/atmel/studio/7.0/toolchain/arm/arm-gnu-toolchain/bin/../lib/gcc/arm-none-eabi/6.3.1/../../../../arm-none-eabi/lib/thumb/v7e-m\libc.a(lib_a-mallocr.o)
                0x20400e78                __malloc_max_sbrked_mem
 .bss.__malloc_max_total_mem
                0x20400e7c        0x4 c:/program files (x86)/atmel/studio/7.0/toolchain/arm/arm-gnu-toolchain/bin/../lib/gcc/arm-none-eabi/6.3.1/../../../../arm-none-eabi/lib/thumb/v7e-m\libc.a(lib_a-mallocr.o)
                0x20400e7c                __malloc_max_total_mem
 .bss.__malloc_top_pad
                0x20400e80        0x4 c:/program files (x86)/atmel/studio/7.0/toolchain/arm/arm-gnu-toolchain/bin/../lib/gcc/arm-none-eabi/6.3.1/../../../../arm-none-eabi/lib/thumb/v7e-m\libc.a(lib_a-mallocr.o)
                0x20400e80                __malloc_top_pad
 *(COMMON)
 COMMON         0x20400e84       0xd0 src/main.o
                0x20400e84                string_minutos
                0x20400ea4                string_horas
                0x20400ec4                string_segundos
                0x20400ee4                string_velocidade_maxima
                0x20400f04                string_distancia
                0x20400f24                g_ili9488_display_opt
                0x20400f34                string_velocidade
 COMMON         0x20400f54       0x21 c:/program files (x86)/atmel/studio/7.0/toolchain/arm/arm-gnu-toolchain/bin/../lib/gcc/arm-none-eabi/6.3.1/../../../../arm-none-eabi/lib/thumb/v7e-m\libc.a(lib_a-lock.o)
                0x20400f54                __lock___atexit_recursive_mutex
                0x20400f58                __lock___arc4random_mutex
                0x20400f5c                __lock___env_recursive_mutex
                0x20400f60                __lock___sinit_recursive_mutex
                0x20400f64                __lock___malloc_recursive_mutex
                0x20400f68                __lock___at_quick_exit_mutex
                0x20400f6c                __lock___dd_hash_mutex
                0x20400f70                __lock___tz_mutex
                0x20400f74                __lock___sfp_recursive_mutex
 *fill*         0x20400f75        0x3 
 COMMON         0x20400f78        0x4 c:/program files (x86)/atmel/studio/7.0/toolchain/arm/arm-gnu-toolchain/bin/../lib/gcc/arm-none-eabi/6.3.1/../../../../arm-none-eabi/lib/thumb/v7e-m\libc.a(lib_a-reent.o)
                0x20400f78                errno
                0x20400f7c                . = ALIGN (0x4)
                0x20400f7c                _ebss = .
                0x20400f7c                _ezero = .

.stack          0x20400f7c     0x2004 load address 0x0044e9b8
                0x20400f80                . = ALIGN (0x8)
 *fill*         0x20400f7c        0x4 
                0x20400f80                _sstack = .
                0x20402f80                . = (. + STACK_SIZE)
 *fill*         0x20400f80     0x2000 
                0x20402f80                . = ALIGN (0x8)
                0x20402f80                _estack = .

.heap           0x20402f80      0x200 load address 0x004509bc
                0x20402f80                . = ALIGN (0x8)
                0x20402f80                _sheap = .
                0x20403180                . = (. + HEAP_SIZE)
 *fill*         0x20402f80      0x200 
                0x20403180                . = ALIGN (0x8)
                0x20403180                _eheap = .
                0x20403180                . = ALIGN (0x4)
                0x20403180                _end = .
                0x2045ffff                _ram_end_ = ((ORIGIN (ram) + LENGTH (ram)) - 0x1)
OUTPUT(SAME70_FONTS.elf elf32-littlearm)

.ARM.attributes
                0x00000000       0x2e
 .ARM.attributes
                0x00000000       0x1e c:/program files (x86)/atmel/studio/7.0/toolchain/arm/arm-gnu-toolchain/bin/../lib/gcc/arm-none-eabi/6.3.1/thumb/v7e-m/crti.o
 .ARM.attributes
                0x0000001e       0x2e c:/program files (x86)/atmel/studio/7.0/toolchain/arm/arm-gnu-toolchain/bin/../lib/gcc/arm-none-eabi/6.3.1/thumb/v7e-m/crtbegin.o
 .ARM.attributes
                0x0000004c       0x37 src/ASF/sam/drivers/rtc/rtc.o
 .ARM.attributes
                0x00000083       0x37 src/ASF/sam/drivers/rtt/rtt.o
 .ARM.attributes
                0x000000ba       0x37 src/main.o
 .ARM.attributes
                0x000000f1       0x37 src/ASF/common/services/spi/sam_spi/spi_master.o
 .ARM.attributes
                0x00000128       0x37 src/ASF/sam/components/display/ili9488/ili9488.o
 .ARM.attributes
                0x0000015f       0x37 src/ASF/sam/drivers/spi/spi.o
 .ARM.attributes
                0x00000196       0x37 src/ASF/common/services/clock/same70/sysclk.o
 .ARM.attributes
                0x000001cd       0x37 src/ASF/common/utils/interrupt/interrupt_sam_nvic.o
 .ARM.attributes
                0x00000204       0x37 src/ASF/sam/boards/same70_xplained/init.o
 .ARM.attributes
                0x0000023b       0x37 src/ASF/sam/drivers/pio/pio.o
 .ARM.attributes
                0x00000272       0x37 src/ASF/sam/drivers/pio/pio_handler.o
 .ARM.attributes
                0x000002a9       0x37 src/ASF/sam/drivers/pmc/pmc.o
 .ARM.attributes
                0x000002e0       0x37 src/ASF/sam/drivers/pmc/sleep.o
 .ARM.attributes
                0x00000317       0x37 src/ASF/sam/utils/cmsis/same70/source/templates/gcc/startup_same70.o
 .ARM.attributes
                0x0000034e       0x37 src/ASF/sam/utils/cmsis/same70/source/templates/system_same70.o
 .ARM.attributes
                0x00000385       0x37 src/ASF/sam/utils/syscalls/gcc/syscalls.o
 .ARM.attributes
                0x000003bc       0x1e c:/program files (x86)/atmel/studio/7.0/toolchain/arm/arm-gnu-toolchain/bin/../lib/gcc/arm-none-eabi/6.3.1/thumb/v7e-m\libgcc.a(_arm_addsubdf3.o)
 .ARM.attributes
                0x000003da       0x1e c:/program files (x86)/atmel/studio/7.0/toolchain/arm/arm-gnu-toolchain/bin/../lib/gcc/arm-none-eabi/6.3.1/thumb/v7e-m\libgcc.a(_arm_muldivdf3.o)
 .ARM.attributes
                0x000003f8       0x1e c:/program files (x86)/atmel/studio/7.0/toolchain/arm/arm-gnu-toolchain/bin/../lib/gcc/arm-none-eabi/6.3.1/thumb/v7e-m\libgcc.a(_arm_fixdfsi.o)
 .ARM.attributes
                0x00000416       0x2e c:/program files (x86)/atmel/studio/7.0/toolchain/arm/arm-gnu-toolchain/bin/../lib/gcc/arm-none-eabi/6.3.1/../../../../arm-none-eabi/lib/thumb/v7e-m\libc.a(lib_a-impure.o)
 .ARM.attributes
                0x00000444       0x2e c:/program files (x86)/atmel/studio/7.0/toolchain/arm/arm-gnu-toolchain/bin/../lib/gcc/arm-none-eabi/6.3.1/../../../../arm-none-eabi/lib/thumb/v7e-m\libc.a(lib_a-init.o)
 .ARM.attributes
                0x00000472       0x2e c:/program files (x86)/atmel/studio/7.0/toolchain/arm/arm-gnu-toolchain/bin/../lib/gcc/arm-none-eabi/6.3.1/../../../../arm-none-eabi/lib/thumb/v7e-m\libc.a(lib_a-memset.o)
 .ARM.attributes
                0x000004a0       0x2e c:/program files (x86)/atmel/studio/7.0/toolchain/arm/arm-gnu-toolchain/bin/../lib/gcc/arm-none-eabi/6.3.1/../../../../arm-none-eabi/lib/thumb/v7e-m\libc.a(lib_a-sprintf.o)
 .ARM.attributes
                0x000004ce       0x2e c:/program files (x86)/atmel/studio/7.0/toolchain/arm/arm-gnu-toolchain/bin/../lib/gcc/arm-none-eabi/6.3.1/../../../../arm-none-eabi/lib/thumb/v7e-m\libc.a(lib_a-svfprintf.o)
 .ARM.attributes
                0x000004fc       0x2e c:/program files (x86)/atmel/studio/7.0/toolchain/arm/arm-gnu-toolchain/bin/../lib/gcc/arm-none-eabi/6.3.1/../../../../arm-none-eabi/lib/thumb/v7e-m\libc.a(lib_a-__call_atexit.o)
 .ARM.attributes
                0x0000052a       0x2e c:/program files (x86)/atmel/studio/7.0/toolchain/arm/arm-gnu-toolchain/bin/../lib/gcc/arm-none-eabi/6.3.1/../../../../arm-none-eabi/lib/thumb/v7e-m\libc.a(lib_a-atexit.o)
 .ARM.attributes
                0x00000558       0x2e c:/program files (x86)/atmel/studio/7.0/toolchain/arm/arm-gnu-toolchain/bin/../lib/gcc/arm-none-eabi/6.3.1/../../../../arm-none-eabi/lib/thumb/v7e-m\libc.a(lib_a-dtoa.o)
 .ARM.attributes
                0x00000586       0x2e c:/program files (x86)/atmel/studio/7.0/toolchain/arm/arm-gnu-toolchain/bin/../lib/gcc/arm-none-eabi/6.3.1/../../../../arm-none-eabi/lib/thumb/v7e-m\libc.a(lib_a-fini.o)
 .ARM.attributes
                0x000005b4       0x2e c:/program files (x86)/atmel/studio/7.0/toolchain/arm/arm-gnu-toolchain/bin/../lib/gcc/arm-none-eabi/6.3.1/../../../../arm-none-eabi/lib/thumb/v7e-m\libc.a(lib_a-localeconv.o)
 .ARM.attributes
                0x000005e2       0x2e c:/program files (x86)/atmel/studio/7.0/toolchain/arm/arm-gnu-toolchain/bin/../lib/gcc/arm-none-eabi/6.3.1/../../../../arm-none-eabi/lib/thumb/v7e-m\libc.a(lib_a-lock.o)
 .ARM.attributes
                0x00000610       0x2e c:/program files (x86)/atmel/studio/7.0/toolchain/arm/arm-gnu-toolchain/bin/../lib/gcc/arm-none-eabi/6.3.1/../../../../arm-none-eabi/lib/thumb/v7e-m\libc.a(lib_a-mallocr.o)
 .ARM.attributes
                0x0000063e       0x1c c:/program files (x86)/atmel/studio/7.0/toolchain/arm/arm-gnu-toolchain/bin/../lib/gcc/arm-none-eabi/6.3.1/../../../../arm-none-eabi/lib/thumb/v7e-m\libc.a(lib_a-memchr.o)
 .ARM.attributes
                0x0000065a       0x1c c:/program files (x86)/atmel/studio/7.0/toolchain/arm/arm-gnu-toolchain/bin/../lib/gcc/arm-none-eabi/6.3.1/../../../../arm-none-eabi/lib/thumb/v7e-m\libc.a(lib_a-memcpy.o)
 .ARM.attributes
                0x00000676       0x2e c:/program files (x86)/atmel/studio/7.0/toolchain/arm/arm-gnu-toolchain/bin/../lib/gcc/arm-none-eabi/6.3.1/../../../../arm-none-eabi/lib/thumb/v7e-m\libc.a(lib_a-mlock.o)
 .ARM.attributes
                0x000006a4       0x2e c:/program files (x86)/atmel/studio/7.0/toolchain/arm/arm-gnu-toolchain/bin/../lib/gcc/arm-none-eabi/6.3.1/../../../../arm-none-eabi/lib/thumb/v7e-m\libc.a(lib_a-mprec.o)
 .ARM.attributes
                0x000006d2       0x2e c:/program files (x86)/atmel/studio/7.0/toolchain/arm/arm-gnu-toolchain/bin/../lib/gcc/arm-none-eabi/6.3.1/../../../../arm-none-eabi/lib/thumb/v7e-m\libc.a(lib_a-sbrkr.o)
 .ARM.attributes
                0x00000700       0x1c c:/program files (x86)/atmel/studio/7.0/toolchain/arm/arm-gnu-toolchain/bin/../lib/gcc/arm-none-eabi/6.3.1/../../../../arm-none-eabi/lib/thumb/v7e-m\libc.a(lib_a-strlen.o)
 .ARM.attributes
                0x0000071c       0x2e c:/program files (x86)/atmel/studio/7.0/toolchain/arm/arm-gnu-toolchain/bin/../lib/gcc/arm-none-eabi/6.3.1/../../../../arm-none-eabi/lib/thumb/v7e-m\libc.a(lib_a-svfiprintf.o)
 .ARM.attributes
                0x0000074a       0x2e c:/program files (x86)/atmel/studio/7.0/toolchain/arm/arm-gnu-toolchain/bin/../lib/gcc/arm-none-eabi/6.3.1/../../../../arm-none-eabi/lib/thumb/v7e-m\libc.a(lib_a-__atexit.o)
 .ARM.attributes
                0x00000778       0x2e c:/program files (x86)/atmel/studio/7.0/toolchain/arm/arm-gnu-toolchain/bin/../lib/gcc/arm-none-eabi/6.3.1/../../../../arm-none-eabi/lib/thumb/v7e-m\libc.a(lib_a-callocr.o)
 .ARM.attributes
                0x000007a6       0x2e c:/program files (x86)/atmel/studio/7.0/toolchain/arm/arm-gnu-toolchain/bin/../lib/gcc/arm-none-eabi/6.3.1/../../../../arm-none-eabi/lib/thumb/v7e-m\libc.a(lib_a-freer.o)
 .ARM.attributes
                0x000007d4       0x2e c:/program files (x86)/atmel/studio/7.0/toolchain/arm/arm-gnu-toolchain/bin/../lib/gcc/arm-none-eabi/6.3.1/../../../../arm-none-eabi/lib/thumb/v7e-m\libc.a(lib_a-locale.o)
 .ARM.attributes
                0x00000802       0x2e c:/program files (x86)/atmel/studio/7.0/toolchain/arm/arm-gnu-toolchain/bin/../lib/gcc/arm-none-eabi/6.3.1/../../../../arm-none-eabi/lib/thumb/v7e-m\libc.a(lib_a-mbtowc_r.o)
 .ARM.attributes
                0x00000830       0x2e c:/program files (x86)/atmel/studio/7.0/toolchain/arm/arm-gnu-toolchain/bin/../lib/gcc/arm-none-eabi/6.3.1/../../../../arm-none-eabi/lib/thumb/v7e-m\libc.a(lib_a-memmove.o)
 .ARM.attributes
                0x0000085e       0x2e c:/program files (x86)/atmel/studio/7.0/toolchain/arm/arm-gnu-toolchain/bin/../lib/gcc/arm-none-eabi/6.3.1/../../../../arm-none-eabi/lib/thumb/v7e-m\libc.a(lib_a-reallocr.o)
 .ARM.attributes
                0x0000088c       0x2e c:/program files (x86)/atmel/studio/7.0/toolchain/arm/arm-gnu-toolchain/bin/../lib/gcc/arm-none-eabi/6.3.1/../../../../arm-none-eabi/lib/thumb/v7e-m\libc.a(lib_a-reent.o)
 .ARM.attributes
                0x000008ba       0x2e c:/program files (x86)/atmel/studio/7.0/toolchain/arm/arm-gnu-toolchain/bin/../lib/gcc/arm-none-eabi/6.3.1/../../../../arm-none-eabi/lib/thumb/v7e-m\libc.a(lib_a-wctomb_r.o)
 .ARM.attributes
                0x000008e8       0x2e c:/program files (x86)/atmel/studio/7.0/toolchain/arm/arm-gnu-toolchain/bin/../lib/gcc/arm-none-eabi/6.3.1/../../../../arm-none-eabi/lib/thumb/v7e-m\libc.a(lib_a-ctype_.o)
 .ARM.attributes
                0x00000916       0x1e c:/program files (x86)/atmel/studio/7.0/toolchain/arm/arm-gnu-toolchain/bin/../lib/gcc/arm-none-eabi/6.3.1/thumb/v7e-m\libgcc.a(_arm_cmpdf2.o)
 .ARM.attributes
                0x00000934       0x1e c:/program files (x86)/atmel/studio/7.0/toolchain/arm/arm-gnu-toolchain/bin/../lib/gcc/arm-none-eabi/6.3.1/thumb/v7e-m\libgcc.a(_arm_unorddf2.o)
 .ARM.attributes
                0x00000952       0x1e c:/program files (x86)/atmel/studio/7.0/toolchain/arm/arm-gnu-toolchain/bin/../lib/gcc/arm-none-eabi/6.3.1/thumb/v7e-m\libgcc.a(_aeabi_uldivmod.o)
 .ARM.attributes
                0x00000970       0x2e c:/program files (x86)/atmel/studio/7.0/toolchain/arm/arm-gnu-toolchain/bin/../lib/gcc/arm-none-eabi/6.3.1/thumb/v7e-m\libgcc.a(_udivmoddi4.o)
 .ARM.attributes
                0x0000099e       0x1e c:/program files (x86)/atmel/studio/7.0/toolchain/arm/arm-gnu-toolchain/bin/../lib/gcc/arm-none-eabi/6.3.1/thumb/v7e-m\libgcc.a(_dvmd_tls.o)
 .ARM.attributes
                0x000009bc       0x1e c:/program files (x86)/atmel/studio/7.0/toolchain/arm/arm-gnu-toolchain/bin/../lib/gcc/arm-none-eabi/6.3.1/thumb/v7e-m/crtn.o

.comment        0x00000000       0x59
 .comment       0x00000000       0x59 src/ASF/sam/drivers/rtc/rtc.o
                                 0x5a (size before relaxing)
 .comment       0x00000059       0x5a src/ASF/sam/drivers/rtt/rtt.o
 .comment       0x00000059       0x5a src/main.o
 .comment       0x00000059       0x5a src/ASF/common/services/spi/sam_spi/spi_master.o
 .comment       0x00000059       0x5a src/ASF/sam/components/display/ili9488/ili9488.o
 .comment       0x00000059       0x5a src/ASF/sam/drivers/spi/spi.o
 .comment       0x00000059       0x5a src/ASF/common/services/clock/same70/sysclk.o
 .comment       0x00000059       0x5a src/ASF/common/utils/interrupt/interrupt_sam_nvic.o
 .comment       0x00000059       0x5a src/ASF/sam/boards/same70_xplained/init.o
 .comment       0x00000059       0x5a src/ASF/sam/drivers/pio/pio.o
 .comment       0x00000059       0x5a src/ASF/sam/drivers/pio/pio_handler.o
 .comment       0x00000059       0x5a src/ASF/sam/drivers/pmc/pmc.o
 .comment       0x00000059       0x5a src/ASF/sam/drivers/pmc/sleep.o
 .comment       0x00000059       0x5a src/ASF/sam/utils/cmsis/same70/source/templates/gcc/startup_same70.o
 .comment       0x00000059       0x5a src/ASF/sam/utils/cmsis/same70/source/templates/system_same70.o
 .comment       0x00000059       0x5a src/ASF/sam/utils/syscalls/gcc/syscalls.o

.debug_info     0x00000000    0x16dde
 .debug_info    0x00000000     0x1158 src/ASF/sam/drivers/rtc/rtc.o
 .debug_info    0x00001158      0xcaf src/ASF/sam/drivers/rtt/rtt.o
 .debug_info    0x00001e07     0x3781 src/main.o
 .debug_info    0x00005588     0x143e src/ASF/common/services/spi/sam_spi/spi_master.o
 .debug_info    0x000069c6     0x208c src/ASF/sam/components/display/ili9488/ili9488.o
 .debug_info    0x00008a52     0x1123 src/ASF/sam/drivers/spi/spi.o
 .debug_info    0x00009b75     0x1311 src/ASF/common/services/clock/same70/sysclk.o
 .debug_info    0x0000ae86      0xb06 src/ASF/common/utils/interrupt/interrupt_sam_nvic.o
 .debug_info    0x0000b98c     0x1dad src/ASF/sam/boards/same70_xplained/init.o
 .debug_info    0x0000d739     0x1ce3 src/ASF/sam/drivers/pio/pio.o
 .debug_info    0x0000f41c     0x1a74 src/ASF/sam/drivers/pio/pio_handler.o
 .debug_info    0x00010e90     0x1eed src/ASF/sam/drivers/pmc/pmc.o
 .debug_info    0x00012d7d     0x16bf src/ASF/sam/drivers/pmc/sleep.o
 .debug_info    0x0001443c     0x1612 src/ASF/sam/utils/cmsis/same70/source/templates/gcc/startup_same70.o
 .debug_info    0x00015a4e      0x5d4 src/ASF/sam/utils/cmsis/same70/source/templates/system_same70.o
 .debug_info    0x00016022      0xdbc src/ASF/sam/utils/syscalls/gcc/syscalls.o

.debug_abbrev   0x00000000     0x2a93
 .debug_abbrev  0x00000000      0x257 src/ASF/sam/drivers/rtc/rtc.o
 .debug_abbrev  0x00000257      0x203 src/ASF/sam/drivers/rtt/rtt.o
 .debug_abbrev  0x0000045a      0x3b3 src/main.o
 .debug_abbrev  0x0000080d      0x305 src/ASF/common/services/spi/sam_spi/spi_master.o
 .debug_abbrev  0x00000b12      0x2f4 src/ASF/sam/components/display/ili9488/ili9488.o
 .debug_abbrev  0x00000e06      0x2cf src/ASF/sam/drivers/spi/spi.o
 .debug_abbrev  0x000010d5      0x296 src/ASF/common/services/clock/same70/sysclk.o
 .debug_abbrev  0x0000136b      0x214 src/ASF/common/utils/interrupt/interrupt_sam_nvic.o
 .debug_abbrev  0x0000157f      0x3f4 src/ASF/sam/boards/same70_xplained/init.o
 .debug_abbrev  0x00001973      0x296 src/ASF/sam/drivers/pio/pio.o
 .debug_abbrev  0x00001c09      0x2c9 src/ASF/sam/drivers/pio/pio_handler.o
 .debug_abbrev  0x00001ed2      0x2ce src/ASF/sam/drivers/pmc/pmc.o
 .debug_abbrev  0x000021a0      0x2df src/ASF/sam/drivers/pmc/sleep.o
 .debug_abbrev  0x0000247f      0x2e8 src/ASF/sam/utils/cmsis/same70/source/templates/gcc/startup_same70.o
 .debug_abbrev  0x00002767      0x102 src/ASF/sam/utils/cmsis/same70/source/templates/system_same70.o
 .debug_abbrev  0x00002869      0x22a src/ASF/sam/utils/syscalls/gcc/syscalls.o

.debug_loc      0x00000000     0x65e2
 .debug_loc     0x00000000      0x730 src/ASF/sam/drivers/rtc/rtc.o
 .debug_loc     0x00000730      0x330 src/ASF/sam/drivers/rtt/rtt.o
 .debug_loc     0x00000a60      0x54c src/main.o
 .debug_loc     0x00000fac      0x830 src/ASF/common/services/spi/sam_spi/spi_master.o
 .debug_loc     0x000017dc      0xd20 src/ASF/sam/components/display/ili9488/ili9488.o
 .debug_loc     0x000024fc      0x630 src/ASF/sam/drivers/spi/spi.o
 .debug_loc     0x00002b2c      0x4a0 src/ASF/common/services/clock/same70/sysclk.o
 .debug_loc     0x00002fcc       0xa0 src/ASF/common/utils/interrupt/interrupt_sam_nvic.o
 .debug_loc     0x0000306c      0x2fc src/ASF/sam/boards/same70_xplained/init.o